<html>
<body>
<pre>
<h1>µVision Build Log</h1>
<h2>Tool Versions:</h2>
IDE-Version: ¦ÌVision V5.38.0.0
Copyright (C) 2022 ARM Ltd and ARM Germany GmbH. All rights reserved.
License Information: li shengqing, SDUST, LIC=ATTQ1-C5ARC-X7QRZ-JEMUV-BQK6M-U2090
 
Tool Versions:
Toolchain:       MDK-ARM Plus  Version: 5.38.0.0
Toolchain Path:  D:\Keil_v5\ARM\ARMCLANG\Bin
C Compiler:      ArmClang.exe V6.19
Assembler:       Armasm.exe V6.19
Linker/Locator:  ArmLink.exe V6.19
Library Manager: ArmAr.exe V6.19
Hex Converter:   FromElf.exe V6.19
CPU DLL:         SARMCM3.DLL V5.38.0.0
Dialog DLL:      DARMCM1.DLL V1.19.6.0
Target DLL:      Segger\JL2CM3.dll V2.99.42.0
Dialog DLL:      TARMCM1.DLL V1.14.6.0
 
<h2>Project:</h2>
D:\Ti\mspm0_sdk_2_01_00_03\empty\keil\empty_LP_MSPM0L1306_nortos_keil.uvprojx
Project File Date:  07/31/2024

<h2>Output:</h2>
*** Using Compiler 'V6.19', folder: 'D:\Keil_v5\ARM\ARMCLANG\Bin'
Build target 'empty_LP_MSPM0L1306_nortos_keil'
Before Build - User command #1: cmd.exe /C "D:\Ti\mspm0_sdk_2_01_00_03\empty\keil\../../tools/keil/syscfg.bat 'D:\Ti\mspm0_sdk_2_01_00_03\empty\keil\' empty.syscfg"
Using Sysconfig Tool from "D:\Ti\sysconfig_1.20.0\sysconfig_cli.bat"
"Update the file located at <sdk path>/tools/keil/syscfg.bat to use a different version"
Running script...
Validating...
info: /ti/project_config/ProjectConfig deviceSpin: Note: User must select a device after migration. 
Generating Code (empty.syscfg)...
Unchanged D:\Ti\mspm0_sdk_2_01_00_03\empty\ti_msp_dl_config.c...
Unchanged D:\Ti\mspm0_sdk_2_01_00_03\empty\ti_msp_dl_config.h...
Unchanged D:\Ti\mspm0_sdk_2_01_00_03\empty\Event.dot...
compiling empty.c...
linking...
Program Size: Code=12532 RO-data=404 RW-data=64 ZI-data=928  
FromELF: creating hex file...
".\Objects\empty_LP_MSPM0L1306_nortos_keil.axf" - 0 Error(s), 0 Warning(s).

<h2>Software Packages used:</h2>

Package Vendor: TexasInstruments
                https://software-dl.ti.com/msp430/esd/MSPM0-CMSIS/MSPM0L11XX_L13XX/latest/exports/TexasInstruments.MSPM0L11XX_L13XX_DFP.1.3.1.pack
                TexasInstruments.MSPM0L11XX_L13XX_DFP.1.3.1
                Device Family Pack for Texas Instruments MSPM0L11XX_L13XX Series

<h2>Collection of Component include folders:</h2>

<h2>Collection of Component Files used:</h2>
Build Time Elapsed:  00:00:01
</pre>
</body>
</html>
