Component: Arm Compiler for Embedded 6.19 Tool: armlink [5e73cb00]

==============================================================================

Section Cross References

    empty.o(.text.clearEncoder) refers to empty.o(.bss.Distance) for Distance
    empty.o(.ARM.exidx.text.clearEncoder) refers to empty.o(.text.clearEncoder) for [Anonymous Symbol]
    empty.o(.text.LineWalking) refers to guang.o(.text.readGuangStatus) for readGuangStatus
    empty.o(.ARM.exidx.text.LineWalking) refers to empty.o(.text.LineWalking) for [Anonymous Symbol]
    empty.o(.text.LED_ON) refers to empty.o(.bss.led_flag) for led_flag
    empty.o(.text.LED_ON) refers to empty.o(.bss.led_cnt_num) for led_cnt_num
    empty.o(.text.LED_ON) refers to empty.o(.bss.led_cnt) for led_cnt
    empty.o(.ARM.exidx.text.LED_ON) refers to empty.o(.text.LED_ON) for [Anonymous Symbol]
    empty.o(.text.LED_OFF) refers to empty.o(.bss.led_cnt) for led_cnt
    empty.o(.text.LED_OFF) refers to empty.o(.bss.led_flag) for led_flag
    empty.o(.ARM.exidx.text.LED_OFF) refers to empty.o(.text.LED_OFF) for [Anonymous Symbol]
    empty.o(.text.readKey) refers to empty.o(.data.title) for title
    empty.o(.ARM.exidx.text.readKey) refers to empty.o(.text.readKey) for [Anonymous Symbol]
    empty.o(.text.main) refers to ti_msp_dl_config.o(.text.SYSCFG_DL_init) for SYSCFG_DL_init
    empty.o(.text.main) refers to empty.o(.bss.open_line) for open_line
    empty.o(.text.main) refers to empty.o(.bss.openEncoder) for openEncoder
    empty.o(.text.main) refers to empty.o(.bss.open_yaw) for open_yaw
    empty.o(.ARM.exidx.text.main) refers to empty.o(.text.main) for [Anonymous Symbol]
    empty.o(.ARM.exidx.text.delay_ms) refers to empty.o(.text.delay_ms) for [Anonymous Symbol]
    empty.o(.ARM.exidx.text.uart1_send_char) refers to empty.o(.text.uart1_send_char) for [Anonymous Symbol]
    empty.o(.ARM.exidx.text.uart1_send_string) refers to empty.o(.text.uart1_send_string) for [Anonymous Symbol]
    empty.o(.text.GROUP1_IRQHandler) refers to encoder.o(.text.readEncoder) for readEncoder
    empty.o(.text.GROUP1_IRQHandler) refers to empty.o(.bss.openEncoder) for openEncoder
    empty.o(.text.GROUP1_IRQHandler) refers to empty.o(.bss.lastA_) for lastA_
    empty.o(.text.GROUP1_IRQHandler) refers to empty.o(.bss.lastA) for lastA
    empty.o(.text.GROUP1_IRQHandler) refers to empty.o(.bss.lastB) for lastB
    empty.o(.text.GROUP1_IRQHandler) refers to empty.o(.bss.lastB_) for lastB_
    empty.o(.text.GROUP1_IRQHandler) refers to empty.o(.bss.position) for position
    empty.o(.text.GROUP1_IRQHandler) refers to empty.o(.bss.position_) for position_
    empty.o(.text.GROUP1_IRQHandler) refers to empty.o(.bss.Distance) for Distance
    empty.o(.ARM.exidx.text.GROUP1_IRQHandler) refers to empty.o(.text.GROUP1_IRQHandler) for [Anonymous Symbol]
    empty.o(.text.UART0_IRQHandler) refers to serial.o(.text.CopeSerial2Data) for CopeSerial2Data
    empty.o(.text.UART0_IRQHandler) refers to empty.o(.bss.uart_data1) for uart_data1
    empty.o(.ARM.exidx.text.UART0_IRQHandler) refers to empty.o(.text.UART0_IRQHandler) for [Anonymous Symbol]
    empty.o(.text.TIMG0_IRQHandler) refers to serial.o(.text.IMU_Get) for IMU_Get
    empty.o(.text.TIMG0_IRQHandler) refers to encoder.o(.text.Get_Speed) for Get_Speed
    empty.o(.text.TIMG0_IRQHandler) refers to fflti.o(.text) for __aeabi_i2f
    empty.o(.text.TIMG0_IRQHandler) refers to faddsub.o(x$fpl$fadd) for __aeabi_fadd
    empty.o(.text.TIMG0_IRQHandler) refers to ffixi.o(.text) for __aeabi_f2iz
    empty.o(.text.TIMG0_IRQHandler) refers to f2d.o(.text) for __aeabi_f2d
    empty.o(.text.TIMG0_IRQHandler) refers to dcmp.o(i._dgeq) for __aeabi_dcmpge
    empty.o(.text.TIMG0_IRQHandler) refers to dcmp.o(i._dgr) for __aeabi_dcmpgt
    empty.o(.text.TIMG0_IRQHandler) refers to guang.o(.text.readGuangStatus) for readGuangStatus
    empty.o(.text.TIMG0_IRQHandler) refers to bsp_tb6612.o(.text.Motor_straight) for Motor_straight
    empty.o(.text.TIMG0_IRQHandler) refers to dflti.o(.text) for __aeabi_i2d
    empty.o(.text.TIMG0_IRQHandler) refers to ddiv.o(.text) for __aeabi_ddiv
    empty.o(.text.TIMG0_IRQHandler) refers to d2f.o(.text) for __aeabi_d2f
    empty.o(.text.TIMG0_IRQHandler) refers to empty.o(.bss.num) for num
    empty.o(.text.TIMG0_IRQHandler) refers to empty.o(.bss.led_cnt) for led_cnt
    empty.o(.text.TIMG0_IRQHandler) refers to empty.o(.bss.led_flag) for led_flag
    empty.o(.text.TIMG0_IRQHandler) refers to empty.o(.bss.Distance) for Distance
    empty.o(.text.TIMG0_IRQHandler) refers to empty.o(.bss.Speed_Current) for Speed_Current
    empty.o(.text.TIMG0_IRQHandler) refers to serial.o(.bss.Yaw_Now) for Yaw_Now
    empty.o(.text.TIMG0_IRQHandler) refers to empty.o(.bss.begin) for begin
    empty.o(.text.TIMG0_IRQHandler) refers to empty.o(.bss.task_cnt) for task_cnt
    empty.o(.text.TIMG0_IRQHandler) refers to empty.o(.bss.Yaw_Need) for Yaw_Need
[...]
    .text                                    0x00000fe2   Section        0  indicate_semi.o(.text)
    [Anonymous Symbol]                       0x00000fe4   Section        0  serial.o(.text.CopeSerial2Data)
    __arm_cp.0_0                             0x00001040   Number         4  serial.o(.text.CopeSerial2Data)
    __arm_cp.0_1                             0x00001044   Number         4  serial.o(.text.CopeSerial2Data)
    [Anonymous Symbol]                       0x00001070   Section        0  dl_common.o(.text.DL_Common_delayCycles)
    [Anonymous Symbol]                       0x0000107c   Section        0  dl_timer.o(.text.DL_Timer_initPWMMode)
    __arm_cp.11_1                            0x00001128   Number         4  dl_timer.o(.text.DL_Timer_initPWMMode)
    __arm_cp.11_2                            0x0000112c   Number         4  dl_timer.o(.text.DL_Timer_initPWMMode)
    __arm_cp.11_3                            0x00001130   Number         4  dl_timer.o(.text.DL_Timer_initPWMMode)
    __arm_cp.11_4                            0x00001134   Number         4  dl_timer.o(.text.DL_Timer_initPWMMode)
    __arm_cp.11_6                            0x00001138   Number         4  dl_timer.o(.text.DL_Timer_initPWMMode)
    [Anonymous Symbol]                       0x0000113c   Section        0  dl_timer.o(.text.DL_Timer_initTimerMode)
    __arm_cp.2_0                             0x00001218   Number         4  dl_timer.o(.text.DL_Timer_initTimerMode)
    __arm_cp.2_1                             0x0000121c   Number         4  dl_timer.o(.text.DL_Timer_initTimerMode)
    __arm_cp.2_2                             0x00001220   Number         4  dl_timer.o(.text.DL_Timer_initTimerMode)
    [Anonymous Symbol]                       0x00001224   Section        0  dl_timer.o(.text.DL_Timer_setCaptCompUpdateMethod)
    __arm_cp.18_0                            0x0000123c   Number         4  dl_timer.o(.text.DL_Timer_setCaptCompUpdateMethod)
    [Anonymous Symbol]                       0x00001240   Section        0  dl_timer.o(.text.DL_Timer_setCaptureCompareOutCtl)
    __arm_cp.13_0                            0x00001254   Number         4  dl_timer.o(.text.DL_Timer_setCaptureCompareOutCtl)
    [Anonymous Symbol]                       0x00001258   Section        0  dl_timer.o(.text.DL_Timer_setCaptureCompareValue)
    __arm_cp.3_0                             0x00001264   Number         4  dl_timer.o(.text.DL_Timer_setCaptureCompareValue)
    [Anonymous Symbol]                       0x00001268   Section        0  dl_timer.o(.text.DL_Timer_setClockConfig)
    __arm_cp.0_0                             0x00001280   Number         4  dl_timer.o(.text.DL_Timer_setClockConfig)
    [Anonymous Symbol]                       0x00001284   Section        0  dl_uart.o(.text.DL_UART_init)
    __arm_cp.0_0                             0x000012c4   Number         4  dl_uart.o(.text.DL_UART_init)
    __arm_cp.0_1                             0x000012c8   Number         4  dl_uart.o(.text.DL_UART_init)
    [Anonymous Symbol]                       0x000012cc   Section        0  dl_uart.o(.text.DL_UART_setClockConfig)
    [Anonymous Symbol]                       0x000012e0   Section        0  empty.o(.text.GROUP1_IRQHandler)
    __arm_cp.9_0                             0x00001318   Number         4  empty.o(.text.GROUP1_IRQHandler)
    __arm_cp.9_1                             0x0000131c   Number         4  empty.o(.text.GROUP1_IRQHandler)
    __arm_cp.9_2                             0x00001320   Number         4  empty.o(.text.GROUP1_IRQHandler)
    __arm_cp.9_3                             0x00001324   Number         4  empty.o(.text.GROUP1_IRQHandler)
    __arm_cp.9_4                             0x00001328   Number         4  empty.o(.text.GROUP1_IRQHandler)
    __arm_cp.9_5                             0x0000132c   Number         4  empty.o(.text.GROUP1_IRQHandler)
    __arm_cp.9_8                             0x00001330   Number         4  empty.o(.text.GROUP1_IRQHandler)
    [Anonymous Symbol]                       0x00001334   Section        0  encoder.o(.text.Get_Speed)
    __arm_cp.2_0                             0x00001460   Number         4  encoder.o(.text.Get_Speed)
    __arm_cp.2_1                             0x00001464   Number         4  encoder.o(.text.Get_Speed)
    __arm_cp.2_2                             0x00001468   Number         4  encoder.o(.text.Get_Speed)
    __arm_cp.2_3                             0x0000146c   Number         4  encoder.o(.text.Get_Speed)
    __arm_cp.2_4                             0x00001470   Number         4  encoder.o(.text.Get_Speed)
    __arm_cp.2_5                             0x00001474   Number         4  encoder.o(.text.Get_Speed)
    __arm_cp.2_6                             0x00001478   Number         4  encoder.o(.text.Get_Speed)
    [Anonymous Symbol]                       0x0000147c   Section        0  serial.o(.text.IMU_Get)
    __arm_cp.1_0                             0x000014b8   Number         4  serial.o(.text.IMU_Get)
    __arm_cp.1_1                             0x000014bc   Number         4  serial.o(.text.IMU_Get)
    __arm_cp.1_2                             0x000014c0   Number         4  serial.o(.text.IMU_Get)
    __arm_cp.1_3                             0x000014c4   Number         4  serial.o(.text.IMU_Get)
    __arm_cp.1_4                             0x000014c8   Number         4  serial.o(.text.IMU_Get)
    __arm_cp.1_5                             0x000014cc   Number         4  serial.o(.text.IMU_Get)
    [Anonymous Symbol]                       0x000014d0   Section        0  empty.o(.text.LED_ON)
    __arm_cp.2_0                             0x000014f8   Number         4  empty.o(.text.LED_ON)
    __arm_cp.2_1                             0x000014fc   Number         4  empty.o(.text.LED_ON)
    __arm_cp.2_2                             0x00001500   Number         4  empty.o(.text.LED_ON)
    __arm_cp.2_3                             0x00001504   Number         4  empty.o(.text.LED_ON)
    [Anonymous Symbol]                       0x00001508   Section        0  empty.o(.text.LineWalking)
    [Anonymous Symbol]                       0x00001510   Section        0  bsp_tb6612.o(.text.Motor_Control)
    __arm_cp.4_66                            0x000018a0   Number         4  bsp_tb6612.o(.text.Motor_Control)
    __arm_cp.4_67                            0x000018a4   Number         4  bsp_tb6612.o(.text.Motor_Control)
    __arm_cp.4_68                            0x000018a8   Number         4  bsp_tb6612.o(.text.Motor_Control)
    __arm_cp.4_69                            0x000018ac   Number         4  bsp_tb6612.o(.text.Motor_Control)
    __arm_cp.4_75                            0x000018c4   Number         4  bsp_tb6612.o(.text.Motor_Control)
    __arm_cp.4_76                            0x000018c8   Number         4  bsp_tb6612.o(.text.Motor_Control)
    __arm_cp.4_77                            0x000018cc   Number         4  bsp_tb6612.o(.text.Motor_Control)
    __arm_cp.4_78                            0x000018d0   Number         4  bsp_tb6612.o(.text.Motor_Control)
    __arm_cp.4_79                            0x000018d4   Number         4  bsp_tb6612.o(.text.Motor_Control)
    __arm_cp.4_80                            0x000018d8   Number         4  bsp_tb6612.o(.text.Motor_Control)
    __arm_cp.4_81                            0x000018dc   Number         4  bsp_tb6612.o(.text.Motor_Control)
    __arm_cp.4_82                            0x000018e0   Number         4  bsp_tb6612.o(.text.Motor_Control)
    __arm_cp.4_83                            0x000018e4   Number         4  bsp_tb6612.o(.text.Motor_Control)
    __arm_cp.4_86                            0x000018f0   Number         4  bsp_tb6612.o(.text.Motor_Control)
    __arm_cp.4_87                            0x000018f4   Number         4  bsp_tb6612.o(.text.Motor_Control)
    __arm_cp.4_88                            0x000018f8   Number         4  bsp_tb6612.o(.text.Motor_Control)
    __arm_cp.4_89                            0x000018fc   Number         4  bsp_tb6612.o(.text.Motor_Control)
    __arm_cp.4_90                            0x00001900   Number         4  bsp_tb6612.o(.text.Motor_Control)
    __arm_cp.4_91                            0x00001904   Number         4  bsp_tb6612.o(.text.Motor_Control)
    __arm_cp.4_92                            0x00001908   Number         4  bsp_tb6612.o(.text.Motor_Control)
    __arm_cp.4_93                            0x0000190c   Number         4  bsp_tb6612.o(.text.Motor_Control)
    __arm_cp.4_94                            0x00001910   Number         4  bsp_tb6612.o(.text.Motor_Control)
    __arm_cp.4_95                            0x00001914   Number         4  bsp_tb6612.o(.text.Motor_Control)
    __arm_cp.4_96                            0x00001918   Number         4  bsp_tb6612.o(.text.Motor_Control)
    __arm_cp.4_97                            0x0000191c   Number         4  bsp_tb6612.o(.text.Motor_Control)
    __arm_cp.4_98                            0x00001920   Number         4  bsp_tb6612.o(.text.Motor_Control)
    __arm_cp.4_0                             0x00001cc8   Number         4  bsp_tb6612.o(.text.Motor_Control)
    __arm_cp.4_1                             0x00001ccc   Number         4  bsp_tb6612.o(.text.Motor_Control)
    __arm_cp.4_2                             0x00001cd0   Number         4  bsp_tb6612.o(.text.Motor_Control)
    __arm_cp.4_3                             0x00001cd4   Number         4  bsp_tb6612.o(.text.Motor_Control)
    __arm_cp.4_5                             0x00001cd8   Number         4  bsp_tb6612.o(.text.Motor_Control)
    __arm_cp.4_6                             0x00001cdc   Number         4  bsp_tb6612.o(.text.Motor_Control)
    __arm_cp.4_9                             0x00001ce0   Number         4  bsp_tb6612.o(.text.Motor_Control)
    __arm_cp.4_11                            0x00001ce4   Number         4  bsp_tb6612.o(.text.Motor_Control)
    __arm_cp.4_14                            0x00001ce8   Number         4  bsp_tb6612.o(.text.Motor_Control)
    __arm_cp.4_15                            0x00001cec   Number         4  bsp_tb6612.o(.text.Motor_Control)
    __arm_cp.4_16                            0x00001cf0   Number         4  bsp_tb6612.o(.text.Motor_Control)
    __arm_cp.4_17                            0x00001cf4   Number         4  bsp_tb6612.o(.text.Motor_Control)
    __arm_cp.4_18                            0x00001cf8   Number         4  bsp_tb6612.o(.text.Motor_Control)
    __arm_cp.4_19                            0x00001cfc   Number         4  bsp_tb6612.o(.text.Motor_Control)
    __arm_cp.4_20                            0x00001d00   Number         4  bsp_tb6612.o(.text.Motor_Control)
    __arm_cp.4_21                            0x00001d04   Number         4  bsp_tb6612.o(.text.Motor_Control)
    __arm_cp.4_22                            0x00001d08   Number         4  bsp_tb6612.o(.text.Motor_Control)
    __arm_cp.4_23                            0x00001d0c   Number         4  bsp_tb6612.o(.text.Motor_Control)
    __arm_cp.4_24                            0x00001d10   Number         4  bsp_tb6612.o(.text.Motor_Control)
    __arm_cp.4_25                            0x00001d14   Number         4  bsp_tb6612.o(.text.Motor_Control)
    __arm_cp.4_26                            0x00001d18   Number         4  bsp_tb6612.o(.text.Motor_Control)
    __arm_cp.4_27                            0x00001d1c   Number         4  bsp_tb6612.o(.text.Motor_Control)
    __arm_cp.4_28                            0x00001d20   Number         4  bsp_tb6612.o(.text.Motor_Control)
    __arm_cp.4_29                            0x00001d24   Number         4  bsp_tb6612.o(.text.Motor_Control)
    __arm_cp.4_30                            0x00001d28   Number         4  bsp_tb6612.o(.text.Motor_Control)
    __arm_cp.4_31                            0x00001d2c   Number         4  bsp_tb6612.o(.text.Motor_Control)
    __arm_cp.4_32                            0x00001d30   Number         4  bsp_tb6612.o(.text.Motor_Control)
    __arm_cp.4_33                            0x00001d34   Number         4  bsp_tb6612.o(.text.Motor_Control)
    __arm_cp.4_37                            0x00001d38   Number         4  bsp_tb6612.o(.text.Motor_Control)
    __arm_cp.4_38                            0x00001d3c   Number         4  bsp_tb6612.o(.text.Motor_Control)
    __arm_cp.4_39                            0x00001d40   Number         4  bsp_tb6612.o(.text.Motor_Control)
    __arm_cp.4_40                            0x00001d44   Number         4  bsp_tb6612.o(.text.Motor_Control)
    __arm_cp.4_43                            0x00001d48   Number         4  bsp_tb6612.o(.text.Motor_Control)
    __arm_cp.4_44                            0x00001d4c   Number         4  bsp_tb6612.o(.text.Motor_Control)
    __arm_cp.4_46                            0x00001d50   Number         4  bsp_tb6612.o(.text.Motor_Control)
    [Anonymous Symbol]                       0x00001d54   Section        0  bsp_tb6612.o(.text.Motor_straight)
    __arm_cp.2_0                             0x00001dbc   Number         4  bsp_tb6612.o(.text.Motor_straight)
    __arm_cp.2_1                             0x00001dc0   Number         4  bsp_tb6612.o(.text.Motor_straight)
    [Anonymous Symbol]                       0x00001dc4   Section        0  pid.o(.text.Pid_Yaw)
    __arm_cp.2_0                             0x00001e88   Number         4  pid.o(.text.Pid_Yaw)
    __arm_cp.2_1                             0x00001e8c   Number         4  pid.o(.text.Pid_Yaw)
    __arm_cp.2_2                             0x00001e90   Number         4  pid.o(.text.Pid_Yaw)
    __arm_cp.2_3                             0x00001e94   Number         4  pid.o(.text.Pid_Yaw)
    __arm_cp.2_4                             0x00001e98   Number         4  pid.o(.text.Pid_Yaw)
    __arm_cp.2_5                             0x00001e9c   Number         4  pid.o(.text.Pid_Yaw)
    __arm_cp.2_6                             0x00001ea0   Number         4  pid.o(.text.Pid_Yaw)
    __arm_cp.2_7                             0x00001ea4   Number         4  pid.o(.text.Pid_Yaw)
    __arm_cp.2_8                             0x00001ea8   Number         4  pid.o(.text.Pid_Yaw)
    __arm_cp.2_9                             0x00001eac   Number         4  pid.o(.text.Pid_Yaw)
    __arm_cp.2_10                            0x00001eb0   Number         4  pid.o(.text.Pid_Yaw)
    __arm_cp.2_11                            0x00001eb4   Number         4  pid.o(.text.Pid_Yaw)
    __arm_cp.2_12                            0x00001eb8   Number         4  pid.o(.text.Pid_Yaw)
    __arm_cp.2_13                            0x00001ebc   Number         4  pid.o(.text.Pid_Yaw)
    __arm_cp.2_14                            0x00001ec0   Number         4  pid.o(.text.Pid_Yaw)
    [Anonymous Symbol]                       0x00001ec4   Section        0  ti_msp_dl_config.o(.text.SYSCFG_DL_GPIO_init)
    __arm_cp.2_0                             0x00001f4c   Number         4  ti_msp_dl_config.o(.text.SYSCFG_DL_GPIO_init)
    __arm_cp.2_1                             0x00001f50   Number         4  ti_msp_dl_config.o(.text.SYSCFG_DL_GPIO_init)
    __arm_cp.2_2                             0x00001f54   Number         4  ti_msp_dl_config.o(.text.SYSCFG_DL_GPIO_init)
    __arm_cp.2_3                             0x00001f58   Number         4  ti_msp_dl_config.o(.text.SYSCFG_DL_GPIO_init)
    __arm_cp.2_4                             0x00001f5c   Number         4  ti_msp_dl_config.o(.text.SYSCFG_DL_GPIO_init)
    __arm_cp.2_5                             0x00001f60   Number         4  ti_msp_dl_config.o(.text.SYSCFG_DL_GPIO_init)
    __arm_cp.2_6                             0x00001f64   Number         4  ti_msp_dl_config.o(.text.SYSCFG_DL_GPIO_init)
    __arm_cp.2_7                             0x00001f68   Number         4  ti_msp_dl_config.o(.text.SYSCFG_DL_GPIO_init)
    __arm_cp.2_8                             0x00001f6c   Number         4  ti_msp_dl_config.o(.text.SYSCFG_DL_GPIO_init)
    __arm_cp.2_9                             0x00001f70   Number         4  ti_msp_dl_config.o(.text.SYSCFG_DL_GPIO_init)
    [Anonymous Symbol]                       0x00001f74   Section        0  ti_msp_dl_config.o(.text.SYSCFG_DL_PWM_CAR_init)
    __arm_cp.4_0                             0x00001fe4   Number         4  ti_msp_dl_config.o(.text.SYSCFG_DL_PWM_CAR_init)
    __arm_cp.4_1                             0x00001fe8   Number         4  ti_msp_dl_config.o(.text.SYSCFG_DL_PWM_CAR_init)
    __arm_cp.4_2                             0x00001fec   Number         4  ti_msp_dl_config.o(.text.SYSCFG_DL_PWM_CAR_init)
    __arm_cp.4_3                             0x00001ff0   Number         4  ti_msp_dl_config.o(.text.SYSCFG_DL_PWM_CAR_init)
    [Anonymous Symbol]                       0x00001ff4   Section        0  ti_msp_dl_config.o(.text.SYSCFG_DL_SYSCTL_init)
    __arm_cp.3_0                             0x00002020   Number         4  ti_msp_dl_config.o(.text.SYSCFG_DL_SYSCTL_init)
    __arm_cp.3_1                             0x00002024   Number         4  ti_msp_dl_config.o(.text.SYSCFG_DL_SYSCTL_init)
    __arm_cp.3_2                             0x00002028   Number         4  ti_msp_dl_config.o(.text.SYSCFG_DL_SYSCTL_init)
    [Anonymous Symbol]                       0x0000202c   Section        0  ti_msp_dl_config.o(.text.SYSCFG_DL_SYSTICK_init)
    __arm_cp.7_0                             0x00002050   Number         4  ti_msp_dl_config.o(.text.SYSCFG_DL_SYSTICK_init)
    __arm_cp.7_1                             0x00002054   Number         4  ti_msp_dl_config.o(.text.SYSCFG_DL_SYSTICK_init)
    __arm_cp.7_2                             0x00002058   Number         4  ti_msp_dl_config.o(.text.SYSCFG_DL_SYSTICK_init)
    [Anonymous Symbol]                       0x0000205c   Section        0  ti_msp_dl_config.o(.text.SYSCFG_DL_TIMER_0_init)
    __arm_cp.5_0                             0x00002090   Number         4  ti_msp_dl_config.o(.text.SYSCFG_DL_TIMER_0_init)
    __arm_cp.5_1                             0x00002094   Number         4  ti_msp_dl_config.o(.text.SYSCFG_DL_TIMER_0_init)
    __arm_cp.5_2                             0x00002098   Number         4  ti_msp_dl_config.o(.text.SYSCFG_DL_TIMER_0_init)
    __arm_cp.5_3                             0x0000209c   Number         4  ti_msp_dl_config.o(.text.SYSCFG_DL_TIMER_0_init)
    __arm_cp.5_4                             0x000020a0   Number         4  ti_msp_dl_config.o(.text.SYSCFG_DL_TIMER_0_init)
    __arm_cp.5_5                             0x000020a4   Number         4  ti_msp_dl_config.o(.text.SYSCFG_DL_TIMER_0_init)
    [Anonymous Symbol]                       0x000020a8   Section        0  ti_msp_dl_config.o(.text.SYSCFG_DL_UART_1_init)
    __arm_cp.6_0                             0x00002108   Number         4  ti_msp_dl_config.o(.text.SYSCFG_DL_UART_1_init)
    __arm_cp.6_1                             0x0000210c   Number         4  ti_msp_dl_config.o(.text.SYSCFG_DL_UART_1_init)
    __arm_cp.6_2                             0x00002110   Number         4  ti_msp_dl_config.o(.text.SYSCFG_DL_UART_1_init)
    __arm_cp.6_3                             0x00002114   Number         4  ti_msp_dl_config.o(.text.SYSCFG_DL_UART_1_init)
    __arm_cp.6_4                             0x00002118   Number         4  ti_msp_dl_config.o(.text.SYSCFG_DL_UART_1_init)
    __arm_cp.6_5                             0x0000211c   Number         4  ti_msp_dl_config.o(.text.SYSCFG_DL_UART_1_init)
    __arm_cp.6_6                             0x00002120   Number         4  ti_msp_dl_config.o(.text.SYSCFG_DL_UART_1_init)
    [Anonymous Symbol]                       0x00002124   Section        0  ti_msp_dl_config.o(.text.SYSCFG_DL_init)
    [Anonymous Symbol]                       0x00002144   Section        0  ti_msp_dl_config.o(.text.SYSCFG_DL_initPower)
    __arm_cp.1_0                             0x0000216c   Number         4  ti_msp_dl_config.o(.text.SYSCFG_DL_initPower)
    __arm_cp.1_1                             0x00002170   Number         4  ti_msp_dl_config.o(.text.SYSCFG_DL_initPower)
    __arm_cp.1_2                             0x00002174   Number         4  ti_msp_dl_config.o(.text.SYSCFG_DL_initPower)
    __arm_cp.1_3                             0x00002178   Number         4  ti_msp_dl_config.o(.text.SYSCFG_DL_initPower)
    __arm_cp.1_4                             0x0000217c   Number         4  ti_msp_dl_config.o(.text.SYSCFG_DL_initPower)
    __arm_cp.1_5                             0x00002180   Number         4  ti_msp_dl_config.o(.text.SYSCFG_DL_initPower)
    [Anonymous Symbol]                       0x00002184   Section        0  empty.o(.text.TIMG0_IRQHandler)
    __arm_cp.11_42                           0x00002560   Number         4  empty.o(.text.TIMG0_IRQHandler)
    __arm_cp.11_43                           0x00002564   Number         4  empty.o(.text.TIMG0_IRQHandler)
    __arm_cp.11_48                           0x00002578   Number         4  empty.o(.text.TIMG0_IRQHandler)
    __arm_cp.11_49                           0x0000257c   Number         4  empty.o(.text.TIMG0_IRQHandler)
    __arm_cp.11_50                           0x00002580   Number         4  empty.o(.text.TIMG0_IRQHandler)
    __arm_cp.11_51                           0x00002584   Number         4  empty.o(.text.TIMG0_IRQHandler)
    __arm_cp.11_52                           0x00002588   Number         4  empty.o(.text.TIMG0_IRQHandler)
    __arm_cp.11_53                           0x0000258c   Number         4  empty.o(.text.TIMG0_IRQHandler)
    __arm_cp.11_54                           0x00002590   Number         4  empty.o(.text.TIMG0_IRQHandler)
    __arm_cp.11_56                           0x00002598   Number         4  empty.o(.text.TIMG0_IRQHandler)
    __arm_cp.11_58                           0x000025a0   Number         4  empty.o(.text.TIMG0_IRQHandler)
    __arm_cp.11_74                           0x000025e0   Number         4  empty.o(.text.TIMG0_IRQHandler)
    __arm_cp.11_2                            0x000028f4   Number         4  empty.o(.text.TIMG0_IRQHandler)
    __arm_cp.11_3                            0x000028f8   Number         4  empty.o(.text.TIMG0_IRQHandler)
    __arm_cp.11_4                            0x000028fc   Number         4  empty.o(.text.TIMG0_IRQHandler)
    __arm_cp.11_13                           0x00002900   Number         4  empty.o(.text.TIMG0_IRQHandler)
    __arm_cp.11_15                           0x00002904   Number         4  empty.o(.text.TIMG0_IRQHandler)
    __arm_cp.11_17                           0x00002908   Number         4  empty.o(.text.TIMG0_IRQHandler)
    __arm_cp.11_18                           0x0000290c   Number         4  empty.o(.text.TIMG0_IRQHandler)
    __arm_cp.11_19                           0x00002910   Number         4  empty.o(.text.TIMG0_IRQHandler)
    __arm_cp.11_20                           0x00002914   Number         4  empty.o(.text.TIMG0_IRQHandler)
    __arm_cp.11_21                           0x00002918   Number         4  empty.o(.text.TIMG0_IRQHandler)
    __arm_cp.11_22                           0x0000291c   Number         4  empty.o(.text.TIMG0_IRQHandler)
    __arm_cp.11_23                           0x00002920   Number         4  empty.o(.text.TIMG0_IRQHandler)
    __arm_cp.11_24                           0x00002924   Number         4  empty.o(.text.TIMG0_IRQHandler)
    __arm_cp.11_25                           0x00002928   Number         4  empty.o(.text.TIMG0_IRQHandler)
    __arm_cp.11_26                           0x0000292c   Number         4  empty.o(.text.TIMG0_IRQHandler)
    __arm_cp.11_27                           0x00002930   Number         4  empty.o(.text.TIMG0_IRQHandler)
    __arm_cp.11_28                           0x00002934   Number         4  empty.o(.text.TIMG0_IRQHandler)
    __arm_cp.11_29                           0x00002938   Number         4  empty.o(.text.TIMG0_IRQHandler)
    __arm_cp.11_30                           0x0000293c   Number         4  empty.o(.text.TIMG0_IRQHandler)
    __arm_cp.11_31                           0x00002940   Number         4  empty.o(.text.TIMG0_IRQHandler)
    __arm_cp.11_33                           0x00002944   Number         4  empty.o(.text.TIMG0_IRQHandler)
    __arm_cp.11_34                           0x00002948   Number         4  empty.o(.text.TIMG0_IRQHandler)
    __arm_cp.11_35                           0x0000294c   Number         4  empty.o(.text.TIMG0_IRQHandler)
    __arm_cp.11_36                           0x00002950   Number         4  empty.o(.text.TIMG0_IRQHandler)
    __arm_cp.11_37                           0x00002954   Number         4  empty.o(.text.TIMG0_IRQHandler)
    __arm_cp.11_38                           0x00002958   Number         4  empty.o(.text.TIMG0_IRQHandler)
    __arm_cp.11_39                           0x0000295c   Number         4  empty.o(.text.TIMG0_IRQHandler)
    __arm_cp.11_40                           0x00002960   Number         4  empty.o(.text.TIMG0_IRQHandler)
    __arm_cp.11_41                           0x00002964   Number         4  empty.o(.text.TIMG0_IRQHandler)
    [Anonymous Symbol]                       0x00002968   Section        0  empty.o(.text.UART0_IRQHandler)
    __arm_cp.10_0                            0x00002984   Number         4  empty.o(.text.UART0_IRQHandler)
    __arm_cp.10_1                            0x00002988   Number         4  empty.o(.text.UART0_IRQHandler)
    __arm_cp.10_2                            0x0000298c   Number         4  empty.o(.text.UART0_IRQHandler)
    [Anonymous Symbol]                       0x00002990   Section        0  empty.o(.text.clearEncoder)
    __arm_cp.0_0                             0x00002998   Number         4  empty.o(.text.clearEncoder)
    [Anonymous Symbol]                       0x0000299c   Section        0  pid.o(.text.incremental_pidL)
    __arm_cp.1_0                             0x00002a00   Number         4  pid.o(.text.incremental_pidL)
    __arm_cp.1_1                             0x00002a04   Number         4  pid.o(.text.incremental_pidL)
    __arm_cp.1_2                             0x00002a08   Number         4  pid.o(.text.incremental_pidL)
    __arm_cp.1_3                             0x00002a0c   Number         4  pid.o(.text.incremental_pidL)
    __arm_cp.1_4                             0x00002a10   Number         4  pid.o(.text.incremental_pidL)
    [Anonymous Symbol]                       0x00002a14   Section        0  pid.o(.text.incremental_pidR)
    __arm_cp.0_0                             0x00002a78   Number         4  pid.o(.text.incremental_pidR)
    __arm_cp.0_1                             0x00002a7c   Number         4  pid.o(.text.incremental_pidR)
    __arm_cp.0_2                             0x00002a80   Number         4  pid.o(.text.incremental_pidR)
    __arm_cp.0_3                             0x00002a84   Number         4  pid.o(.text.incremental_pidR)
    __arm_cp.0_4                             0x00002a88   Number         4  pid.o(.text.incremental_pidR)
    __arm_cp.0_5                             0x00002a8c   Number         4  pid.o(.text.incremental_pidR)
    __arm_cp.0_6                             0x00002a90   Number         4  pid.o(.text.incremental_pidR)
    [Anonymous Symbol]                       0x00002a94   Section        0  empty.o(.text.main)
    __arm_cp.5_0                             0x00002ac0   Number         4  empty.o(.text.main)
    __arm_cp.5_1                             0x00002ac4   Number         4  empty.o(.text.main)
    __arm_cp.5_2                             0x00002ac8   Number         4  empty.o(.text.main)
    __arm_cp.5_3                             0x00002acc   Number         4  empty.o(.text.main)
    __arm_cp.5_4                             0x00002ad0   Number         4  empty.o(.text.main)
    [Anonymous Symbol]                       0x00002ad4   Section        0  encoder.o(.text.readEncoder)
    __arm_cp.1_1                             0x00002b88   Number         4  encoder.o(.text.readEncoder)
    __arm_cp.1_2                             0x00002b8c   Number         4  encoder.o(.text.readEncoder)
    __arm_cp.1_3                             0x00002b90   Number         4  encoder.o(.text.readEncoder)
    __arm_cp.1_4                             0x00002b94   Number         4  encoder.o(.text.readEncoder)
    __arm_cp.1_5                             0x00002b98   Number         4  encoder.o(.text.readEncoder)
    __arm_cp.1_6                             0x00002b9c   Number         4  encoder.o(.text.readEncoder)
    __arm_cp.1_7                             0x00002ba0   Number         4  encoder.o(.text.readEncoder)
    __arm_cp.1_8                             0x00002ba4   Number         4  encoder.o(.text.readEncoder)
    __arm_cp.1_9                             0x00002ba8   Number         4  encoder.o(.text.readEncoder)
    __arm_cp.1_10                            0x00002bac   Number         4  encoder.o(.text.readEncoder)
    [Anonymous Symbol]                       0x00002bb0   Section        0  guang.o(.text.readGuangStatus)
    __arm_cp.0_0                             0x00002c10   Number         4  guang.o(.text.readGuangStatus)
    __arm_cp.0_1                             0x00002c14   Number         4  guang.o(.text.readGuangStatus)
    __arm_cp.0_2                             0x00002c18   Number         4  guang.o(.text.readGuangStatus)
    __arm_cp.0_3                             0x00002c1c   Number         4  guang.o(.text.readGuangStatus)
    __arm_cp.0_4                             0x00002c20   Number         4  guang.o(.text.readGuangStatus)
    __arm_cp.0_5                             0x00002c24   Number         4  guang.o(.text.readGuangStatus)
    __arm_cp.0_6                             0x00002c28   Number         4  guang.o(.text.readGuangStatus)
    __arm_cp.0_7                             0x00002c2c   Number         4  guang.o(.text.readGuangStatus)
    __arm_cp.0_8                             0x00002c30   Number         4  guang.o(.text.readGuangStatus)
    .text_divfast                            0x00002c34   Section      502  aeabi_sdivfast.o(.text_divfast)
    i._dgeq                                  0x00002e2a   Section        0  dcmp.o(i._dgeq)
    i._dgr                                   0x00002e40   Section        0  dcmp.o(i._dgr)
    i._fgeq                                  0x00002e56   Section        0  fcmp.o(i._fgeq)
    i._fgr                                   0x00002e6c   Section        0  fcmp.o(i._fgr)
    i._fleq                                  0x00002e82   Section        0  fcmp.o(i._fleq)
    x$fpl$dgeqf                              0x00002e9c   Section      100  dgef.o(x$fpl$dgeqf)
    x$fpl$fadd                               0x00002f00   Section      140  faddsub.o(x$fpl$fadd)
    _fadd1                                   0x00002f0d   Thumb Code     0  faddsub.o(x$fpl$fadd)
    x$fpl$fgeqf                              0x00002f8c   Section       84  fgef.o(x$fpl$fgeqf)
    x$fpl$fleqf                              0x00002fe0   Section       84  flef.o(x$fpl$fleqf)
    x$fpl$fmul                               0x00003034   Section      176  fmul.o(x$fpl$fmul)
    x$fpl$fsub                               0x000030e4   Section      208  faddsub.o(x$fpl$fsub)
    _fsub1                                   0x000030f1   Thumb Code     0  faddsub.o(x$fpl$fsub)
    ddiv_reciptbl                            0x000031b4   Data         128  ddiv.o(.constdata)
    .constdata                               0x000031b4   Section      128  ddiv.o(.constdata)
    x$fpl$usenofp                            0x000031b4   Section        0  usenofp.o(x$fpl$usenofp)
    gPWM_CARClockConfig                      0x00003234   Data           3  ti_msp_dl_config.o(.rodata.gPWM_CARClockConfig)
    [Anonymous Symbol]                       0x00003234   Section        0  ti_msp_dl_config.o(.rodata.gPWM_CARClockConfig)
    gPWM_CARConfig                           0x00003238   Data           8  ti_msp_dl_config.o(.rodata.gPWM_CARConfig)
    [Anonymous Symbol]                       0x00003238   Section        0  ti_msp_dl_config.o(.rodata.gPWM_CARConfig)
    gTIMER_0ClockConfig                      0x00003240   Data           3  ti_msp_dl_config.o(.rodata.gTIMER_0ClockConfig)
    [Anonymous Symbol]                       0x00003240   Section        0  ti_msp_dl_config.o(.rodata.gTIMER_0ClockConfig)
    gTIMER_0TimerConfig                      0x00003244   Data          20  ti_msp_dl_config.o(.rodata.gTIMER_0TimerConfig)
    [Anonymous Symbol]                       0x00003244   Section        0  ti_msp_dl_config.o(.rodata.gTIMER_0TimerConfig)
    gUART_1ClockConfig                       0x00003258   Data           2  ti_msp_dl_config.o(.rodata.gUART_1ClockConfig)
    [Anonymous Symbol]                       0x00003258   Section        0  ti_msp_dl_config.o(.rodata.gUART_1ClockConfig)
    gUART_1Config                            0x0000325a   Data          10  ti_msp_dl_config.o(.rodata.gUART_1Config)
    [Anonymous Symbol]                       0x0000325a   Section        0  ti_msp_dl_config.o(.rodata.gUART_1Config)
    .bss                                     0x20000040   Section       96  libspace.o(.bss)
    CopeSerial2Data.ucRxBuffer               0x200000a0   Data         250  serial.o(.bss.CopeSerial2Data.ucRxBuffer)
    [Anonymous Symbol]                       0x200000a0   Section        0  serial.o(.bss.CopeSerial2Data.ucRxBuffer)
    CopeSerial2Data.ucRxCnt                  0x2000019a   Data           1  serial.o(.bss.CopeSerial2Data.ucRxCnt)
    [Anonymous Symbol]                       0x2000019a   Section        0  serial.o(.bss.CopeSerial2Data.ucRxCnt)
    Heap_Mem                                 0x200002e0   Data           0  startup_mspm0l130x_uvision.o(HEAP)
    Stack_Mem                                0x200002e0   Data         256  startup_mspm0l130x_uvision.o(STACK)
    HEAP                                     0x200002e0   Section        0  startup_mspm0l130x_uvision.o(HEAP)
    STACK                                    0x200002e0   Section      256  startup_mspm0l130x_uvision.o(STACK)
    __initial_sp                             0x200003e0   Data           0  startup_mspm0l130x_uvision.o(STACK)

    Global Symbols

    Symbol Name                              Value     Ov Type        Size  Object(Section)

    BuildAttributes$$THM_ISAv3M$S$PE$A:L22$X:L11$S22$IEEE1$IW$~IW$USESV6$~STKCKD$USESV7$~SHL$OTIME$ROPI$EBA8$UX$STANDARDLIB$REQ8$PRES8$EABIv2 0x00000000   Number         0  anon$$obj.o ABSOLUTE
    __Vectors                                0x00000000   Data           4  startup_mspm0l130x_uvision.o(RESET)
    __ARM_exceptions_init                     - Undefined Weak Reference
    __alloca_initialize                       - Undefined Weak Reference
    __arm_preinit_                            - Undefined Weak Reference
    __arm_relocate_pie_                       - Undefined Weak Reference
    __cpp_initialize__aeabi_                  - Undefined Weak Reference
    __cxa_finalize                            - Undefined Weak Reference
    __rt_locale                               - Undefined Weak Reference
    __sigvec_lookup                           - Undefined Weak Reference
    _atexit_init                              - Undefined Weak Reference
    _call_atexit_fns                          - Undefined Weak Reference
    _clock_init                               - Undefined Weak Reference
    _fp_trap_init                             - Undefined Weak Reference
    _fp_trap_shutdown                         - Undefined Weak Reference
    _get_lc_collate                           - Undefined Weak Reference
    _get_lc_ctype                             - Undefined Weak Reference
    _get_lc_monetary                          - Undefined Weak Reference
    _get_lc_numeric                           - Undefined Weak Reference
    _get_lc_time                              - Undefined Weak Reference
    _getenv_init                              - Undefined Weak Reference
    _handle_redirection                       - Undefined Weak Reference
    _init_alloc                               - Undefined Weak Reference
    _init_user_alloc                          - Undefined Weak Reference
    _initio                                   - Undefined Weak Reference
    _rand_init                                - Undefined Weak Reference
    _signal_finish                            - Undefined Weak Reference
    _signal_init                              - Undefined Weak Reference
    _terminate_alloc                          - Undefined Weak Reference
    _terminate_user_alloc                     - Undefined Weak Reference
    _terminateio                              - Undefined Weak Reference
    __Vectors_End                            0x000000c0   Data           0  startup_mspm0l130x_uvision.o(RESET)
    __Vectors_Size                           0x000000c0   Number         0  startup_mspm0l130x_uvision.o ABSOLUTE
    __main                                   0x000000c1   Thumb Code     8  __main.o(!!!main)
    __scatterload                            0x000000c9   Thumb Code     0  __scatter.o(!!!scatter)
    __scatterload_rt2                        0x000000c9   Thumb Code    52  __scatter.o(!!!scatter)
    __scatterload_rt2_thumb_only             0x000000c9   Thumb Code     0  __scatter.o(!!!scatter)
    __scatterload_null                       0x000000d9   Thumb Code     0  __scatter.o(!!!scatter)
    __scatterload_copy                       0x00000109   Thumb Code    26  __scatter_copy.o(!!handler_copy)
    __scatterload_zeroinit                   0x00000129   Thumb Code    28  __scatter_zi.o(!!handler_zi)
    __rt_lib_init                            0x00000145   Thumb Code     0  libinit.o(.ARM.Collect$$libinit$$00000000)
    __rt_lib_init_alloca_1                   0x00000147   Thumb Code     0  libinit2.o(.ARM.Collect$$libinit$$00000030)
    __rt_lib_init_argv_1                     0x00000147   Thumb Code     0  libinit2.o(.ARM.Collect$$libinit$$0000002E)
    __rt_lib_init_atexit_1                   0x00000147   Thumb Code     0  libinit2.o(.ARM.Collect$$libinit$$0000001D)
    __rt_lib_init_clock_1                    0x00000147   Thumb Code     0  libinit2.o(.ARM.Collect$$libinit$$00000023)
    __rt_lib_init_cpp_1                      0x00000147   Thumb Code     0  libinit2.o(.ARM.Collect$$libinit$$00000034)
    __rt_lib_init_exceptions_1               0x00000147   Thumb Code     0  libinit2.o(.ARM.Collect$$libinit$$00000032)
    __rt_lib_init_fp_1                       0x00000147   Thumb Code     0  libinit2.o(.ARM.Collect$$libinit$$00000002)
    __rt_lib_init_fp_trap_1                  0x00000147   Thumb Code     0  libinit2.o(.ARM.Collect$$libinit$$00000021)
    __rt_lib_init_getenv_1                   0x00000147   Thumb Code     0  libinit2.o(.ARM.Collect$$libinit$$00000025)
    __rt_lib_init_heap_1                     0x00000147   Thumb Code     0  libinit2.o(.ARM.Collect$$libinit$$0000000C)
    __rt_lib_init_lc_collate_1               0x00000147   Thumb Code     0  libinit2.o(.ARM.Collect$$libinit$$00000013)
    __rt_lib_init_lc_ctype_1                 0x00000147   Thumb Code     0  libinit2.o(.ARM.Collect$$libinit$$00000015)
    __rt_lib_init_lc_monetary_1              0x00000147   Thumb Code     0  libinit2.o(.ARM.Collect$$libinit$$00000017)
    __rt_lib_init_lc_numeric_1               0x00000147   Thumb Code     0  libinit2.o(.ARM.Collect$$libinit$$00000019)
    __rt_lib_init_lc_time_1                  0x00000147   Thumb Code     0  libinit2.o(.ARM.Collect$$libinit$$0000001B)
    __rt_lib_init_preinit_1                  0x00000147   Thumb Code     0  libinit2.o(.ARM.Collect$$libinit$$00000006)
    __rt_lib_init_rand_1                     0x00000147   Thumb Code     0  libinit2.o(.ARM.Collect$$libinit$$00000010)
    __rt_lib_init_relocate_pie_1             0x00000147   Thumb Code     0  libinit2.o(.ARM.Collect$$libinit$$00000004)
    __rt_lib_init_return                     0x00000147   Thumb Code     0  libinit2.o(.ARM.Collect$$libinit$$00000035)
    __rt_lib_init_signal_1                   0x00000147   Thumb Code     0  libinit2.o(.ARM.Collect$$libinit$$0000001F)
    __rt_lib_init_stdio_1                    0x00000147   Thumb Code     0  libinit2.o(.ARM.Collect$$libinit$$00000027)
    __rt_lib_init_user_alloc_1               0x00000147   Thumb Code     0  libinit2.o(.ARM.Collect$$libinit$$0000000E)
    __rt_lib_shutdown                        0x00000149   Thumb Code     0  libshutdown.o(.ARM.Collect$$libshutdown$$00000000)
    __rt_lib_shutdown_cpp_1                  0x0000014b   Thumb Code     0  libshutdown2.o(.ARM.Collect$$libshutdown$$00000002)
    __rt_lib_shutdown_fp_trap_1              0x0000014b   Thumb Code     0  libshutdown2.o(.ARM.Collect$$libshutdown$$00000007)
    __rt_lib_shutdown_heap_1                 0x0000014b   Thumb Code     0  libshutdown2.o(.ARM.Collect$$libshutdown$$0000000F)
    __rt_lib_shutdown_return                 0x0000014b   Thumb Code     0  libshutdown2.o(.ARM.Collect$$libshutdown$$00000010)
    __rt_lib_shutdown_signal_1               0x0000014b   Thumb Code     0  libshutdown2.o(.ARM.Collect$$libshutdown$$0000000A)
    __rt_lib_shutdown_stdio_1                0x0000014b   Thumb Code     0  libshutdown2.o(.ARM.Collect$$libshutdown$$00000004)
    __rt_lib_shutdown_user_alloc_1           0x0000014b   Thumb Code     0  libshutdown2.o(.ARM.Collect$$libshutdown$$0000000C)
    __rt_entry                               0x0000014d   Thumb Code     0  __rtentry.o(.ARM.Collect$$rtentry$$00000000)
    __rt_entry_presh_1                       0x0000014d   Thumb Code     0  __rtentry2.o(.ARM.Collect$$rtentry$$00000002)
    __rt_entry_sh                            0x0000014d   Thumb Code     0  __rtentry4.o(.ARM.Collect$$rtentry$$00000004)
    __rt_entry_li                            0x00000153   Thumb Code     0  __rtentry2.o(.ARM.Collect$$rtentry$$0000000A)
    __rt_entry_postsh_1                      0x00000153   Thumb Code     0  __rtentry2.o(.ARM.Collect$$rtentry$$00000009)
    __rt_entry_main                          0x00000157   Thumb Code     0  __rtentry2.o(.ARM.Collect$$rtentry$$0000000D)
    __rt_entry_postli_1                      0x00000157   Thumb Code     0  __rtentry2.o(.ARM.Collect$$rtentry$$0000000C)
    __rt_exit                                0x0000015f   Thumb Code     0  rtexit.o(.ARM.Collect$$rtexit$$00000000)
    __rt_exit_ls                             0x00000161   Thumb Code     0  rtexit2.o(.ARM.Collect$$rtexit$$00000003)
    __rt_exit_prels_1                        0x00000161   Thumb Code     0  rtexit2.o(.ARM.Collect$$rtexit$$00000002)
    __rt_exit_exit                           0x00000165   Thumb Code     0  rtexit2.o(.ARM.Collect$$rtexit$$00000004)
    Reset_Handler                            0x0000016d   Thumb Code     4  startup_mspm0l130x_uvision.o(.text)
    NMI_Handler                              0x00000171   Thumb Code     2  startup_mspm0l130x_uvision.o(.text)
    HardFault_Handler                        0x00000173   Thumb Code     2  startup_mspm0l130x_uvision.o(.text)
    SVC_Handler                              0x00000175   Thumb Code     2  startup_mspm0l130x_uvision.o(.text)
    PendSV_Handler                           0x00000177   Thumb Code     2  startup_mspm0l130x_uvision.o(.text)
    SysTick_Handler                          0x00000179   Thumb Code     2  startup_mspm0l130x_uvision.o(.text)
    ADC0_IRQHandler                          0x0000017b   Thumb Code     0  startup_mspm0l130x_uvision.o(.text)
    DMA_IRQHandler                           0x0000017b   Thumb Code     0  startup_mspm0l130x_uvision.o(.text)
    Default_Handler                          0x0000017b   Thumb Code     2  startup_mspm0l130x_uvision.o(.text)
    GROUP0_IRQHandler                        0x0000017b   Thumb Code     0  startup_mspm0l130x_uvision.o(.text)
    I2C0_IRQHandler                          0x0000017b   Thumb Code     0  startup_mspm0l130x_uvision.o(.text)
    I2C1_IRQHandler                          0x0000017b   Thumb Code     0  startup_mspm0l130x_uvision.o(.text)
    SPI0_IRQHandler                          0x0000017b   Thumb Code     0  startup_mspm0l130x_uvision.o(.text)
    TIMG1_IRQHandler                         0x0000017b   Thumb Code     0  startup_mspm0l130x_uvision.o(.text)
    TIMG2_IRQHandler                         0x0000017b   Thumb Code     0  startup_mspm0l130x_uvision.o(.text)
    TIMG4_IRQHandler                         0x0000017b   Thumb Code     0  startup_mspm0l130x_uvision.o(.text)
    UART1_IRQHandler                         0x0000017b   Thumb Code     0  startup_mspm0l130x_uvision.o(.text)
    __user_initial_stackheap                 0x0000017d   Thumb Code    10  startup_mspm0l130x_uvision.o(.text)
    __use_two_region_memory                  0x00000199   Thumb Code     2  heapauxi.o(.text)
    __rt_heap_escrow$2region                 0x0000019b   Thumb Code     2  heapauxi.o(.text)
    __rt_heap_expand$2region                 0x0000019d   Thumb Code     2  heapauxi.o(.text)
    __aeabi_d2f                              0x000001a1   Thumb Code     0  d2f.o(.text)
    _d2f                                     0x000001a1   Thumb Code   120  d2f.o(.text)
    __aeabi_dadd                             0x00000515   Thumb Code     0  daddsub.o(.text)
    _dadd                                    0x00000515   Thumb Code    26  daddsub.o(.text)
    __aeabi_dsub                             0x0000052f   Thumb Code     0  daddsub.o(.text)
    _dsub                                    0x0000052f   Thumb Code    22  daddsub.o(.text)
    __aeabi_drsub                            0x00000545   Thumb Code     0  daddsub.o(.text)
    _drsb                                    0x00000545   Thumb Code    28  daddsub.o(.text)
    __aeabi_ddiv                             0x00000575   Thumb Code     0  ddiv.o(.text)
    _ddiv                                    0x00000575   Thumb Code  1072  ddiv.o(.text)
    _drdiv                                   0x000009a5   Thumb Code    20  ddiv.o(.text)
    __aeabi_d2iz                             0x000009bd   Thumb Code     0  dfixi.o(.text)
    _dfix                                    0x000009bd   Thumb Code    98  dfixi.o(.text)
    __aeabi_i2d_normalise                    0x00000a29   Thumb Code    66  dflti.o(.text)
    __aeabi_i2d                              0x00000a6b   Thumb Code    16  dflti.o(.text)
    _dflt                                    0x00000a6b   Thumb Code     0  dflti.o(.text)
    __aeabi_ui2d                             0x00000a7b   Thumb Code     6  dflti.o(.text)
    _dfltu                                   0x00000a7b   Thumb Code     0  dflti.o(.text)
    __aeabi_dmul                             0x00000a81   Thumb Code     0  dmul.o(.text)
    _dmul                                    0x00000a81   Thumb Code   558  dmul.o(.text)
    __aeabi_f2d                              0x00000cc9   Thumb Code     0  f2d.o(.text)
    _f2d                                     0x00000cc9   Thumb Code    80  f2d.o(.text)
    __aeabi_f2iz                             0x00000d1d   Thumb Code     0  ffixi.o(.text)
    _ffix                                    0x00000d1d   Thumb Code    76  ffixi.o(.text)
    __aeabi_i2f_normalise                    0x00000d69   Thumb Code    72  fflti.o(.text)
    __aeabi_i2f                              0x00000db1   Thumb Code    16  fflti.o(.text)
    _fflt                                    0x00000db1   Thumb Code     0  fflti.o(.text)
    __aeabi_ui2f                             0x00000dc1   Thumb Code     6  fflti.o(.text)
    _ffltu                                   0x00000dc1   Thumb Code     0  fflti.o(.text)
    __fpl_dcmp_InfNaN                        0x00000dc9   Thumb Code   154  dcmpin.o(.text)
    __fpl_fcmp_InfNaN                        0x00000e69   Thumb Code    96  fcmpin.o(.text)
    __user_setup_stackheap                   0x00000ecd   Thumb Code    62  sys_stackheap_outer.o(.text)
    exit                                     0x00000f0b   Thumb Code    16  exit.o(.text)
    __fpl_cmpreturn                          0x00000f1b   Thumb Code    46  cmpret.o(.text)
    __fpl_dcheck_NaN2                        0x00000f49   Thumb Code    14  dnan2.o(.text)
    __fpl_fcheck_NaN2                        0x00000f5d   Thumb Code    10  fnan2.o(.text)
    __user_libspace                          0x00000f6d   Thumb Code     8  libspace.o(.text)
    __user_perproc_libspace                  0x00000f6d   Thumb Code     0  libspace.o(.text)
    __user_perthread_libspace                0x00000f6d   Thumb Code     0  libspace.o(.text)
    __fpl_return_NaN                         0x00000f75   Thumb Code    94  retnan.o(.text)
    _sys_exit                                0x00000fd5   Thumb Code     8  sys_exit.o(.text)
    __I$use$semihosting                      0x00000fe1   Thumb Code     0  use_no_semi.o(.text)
    __use_no_semihosting_swi                 0x00000fe1   Thumb Code     2  use_no_semi.o(.text)
    __semihosting_library_function           0x00000fe3   Thumb Code     0  indicate_semi.o(.text)
    CopeSerial2Data                          0x00000fe5   Thumb Code    92  serial.o(.text.CopeSerial2Data)
    DL_Common_delayCycles                    0x00001071   Thumb Code    10  dl_common.o(.text.DL_Common_delayCycles)
    DL_Timer_initPWMMode                     0x0000107d   Thumb Code   172  dl_timer.o(.text.DL_Timer_initPWMMode)
    DL_Timer_initTimerMode                   0x0000113d   Thumb Code   220  dl_timer.o(.text.DL_Timer_initTimerMode)
    DL_Timer_setCaptCompUpdateMethod         0x00001225   Thumb Code    24  dl_timer.o(.text.DL_Timer_setCaptCompUpdateMethod)
    DL_Timer_setCaptureCompareOutCtl         0x00001241   Thumb Code    20  dl_timer.o(.text.DL_Timer_setCaptureCompareOutCtl)
    DL_Timer_setCaptureCompareValue          0x00001259   Thumb Code    12  dl_timer.o(.text.DL_Timer_setCaptureCompareValue)
    DL_Timer_setClockConfig                  0x00001269   Thumb Code    24  dl_timer.o(.text.DL_Timer_setClockConfig)
    DL_UART_init                             0x00001285   Thumb Code    64  dl_uart.o(.text.DL_UART_init)
    DL_UART_setClockConfig                   0x000012cd   Thumb Code    18  dl_uart.o(.text.DL_UART_setClockConfig)
    GROUP1_IRQHandler                        0x000012e1   Thumb Code    56  empty.o(.text.GROUP1_IRQHandler)
    Get_Speed                                0x00001335   Thumb Code   300  encoder.o(.text.Get_Speed)
    IMU_Get                                  0x0000147d   Thumb Code    60  serial.o(.text.IMU_Get)
    LED_ON                                   0x000014d1   Thumb Code    40  empty.o(.text.LED_ON)
    LineWalking                              0x00001509   Thumb Code     8  empty.o(.text.LineWalking)
    Motor_Control                            0x00001511   Thumb Code  1976  bsp_tb6612.o(.text.Motor_Control)
    Motor_straight                           0x00001d55   Thumb Code   104  bsp_tb6612.o(.text.Motor_straight)
    Pid_Yaw                                  0x00001dc5   Thumb Code   196  pid.o(.text.Pid_Yaw)
    SYSCFG_DL_GPIO_init                      0x00001ec5   Thumb Code   136  ti_msp_dl_config.o(.text.SYSCFG_DL_GPIO_init)
    SYSCFG_DL_PWM_CAR_init                   0x00001f75   Thumb Code   112  ti_msp_dl_config.o(.text.SYSCFG_DL_PWM_CAR_init)
    SYSCFG_DL_SYSCTL_init                    0x00001ff5   Thumb Code    44  ti_msp_dl_config.o(.text.SYSCFG_DL_SYSCTL_init)
    SYSCFG_DL_SYSTICK_init                   0x0000202d   Thumb Code    36  ti_msp_dl_config.o(.text.SYSCFG_DL_SYSTICK_init)
    SYSCFG_DL_TIMER_0_init                   0x0000205d   Thumb Code    52  ti_msp_dl_config.o(.text.SYSCFG_DL_TIMER_0_init)
    SYSCFG_DL_UART_1_init                    0x000020a9   Thumb Code    96  ti_msp_dl_config.o(.text.SYSCFG_DL_UART_1_init)
    SYSCFG_DL_init                           0x00002125   Thumb Code    32  ti_msp_dl_config.o(.text.SYSCFG_DL_init)
    SYSCFG_DL_initPower                      0x00002145   Thumb Code    40  ti_msp_dl_config.o(.text.SYSCFG_DL_initPower)
    TIMG0_IRQHandler                         0x00002185   Thumb Code  1896  empty.o(.text.TIMG0_IRQHandler)
    UART0_IRQHandler                         0x00002969   Thumb Code    28  empty.o(.text.UART0_IRQHandler)
    clearEncoder                             0x00002991   Thumb Code     8  empty.o(.text.clearEncoder)
    incremental_pidL                         0x0000299d   Thumb Code   100  pid.o(.text.incremental_pidL)
    incremental_pidR                         0x00002a15   Thumb Code   100  pid.o(.text.incremental_pidR)
    main                                     0x00002a95   Thumb Code    44  empty.o(.text.main)
    readEncoder                              0x00002ad5   Thumb Code   180  encoder.o(.text.readEncoder)
    readGuangStatus                          0x00002bb1   Thumb Code    96  guang.o(.text.readGuangStatus)
    __aeabi_uidiv                            0x00002c35   Thumb Code    68  aeabi_sdivfast.o(.text_divfast)
    __aeabi_idiv                             0x00002c79   Thumb Code   434  aeabi_sdivfast.o(.text_divfast)
    __aeabi_dcmpge                           0x00002e2b   Thumb Code     0  dcmp.o(i._dgeq)
    _dgeq                                    0x00002e2b   Thumb Code    22  dcmp.o(i._dgeq)
    __aeabi_dcmpgt                           0x00002e41   Thumb Code     0  dcmp.o(i._dgr)
    _dgr                                     0x00002e41   Thumb Code    22  dcmp.o(i._dgr)
    __aeabi_fcmpge                           0x00002e57   Thumb Code     0  fcmp.o(i._fgeq)
    _fgeq                                    0x00002e57   Thumb Code    22  fcmp.o(i._fgeq)
    __aeabi_fcmpgt                           0x00002e6d   Thumb Code     0  fcmp.o(i._fgr)
    _fgr                                     0x00002e6d   Thumb Code    22  fcmp.o(i._fgr)
    __aeabi_fcmple                           0x00002e83   Thumb Code     0  fcmp.o(i._fleq)
    _fleq                                    0x00002e83   Thumb Code    26  fcmp.o(i._fleq)
    _dcmpge                                  0x00002e9d   Thumb Code    94  dgef.o(x$fpl$dgeqf)
    __aeabi_fadd                             0x00002f01   Thumb Code     0  faddsub.o(x$fpl$fadd)
    _fadd                                    0x00002f01   Thumb Code   134  faddsub.o(x$fpl$fadd)
    _fcmpge                                  0x00002f8d   Thumb Code    78  fgef.o(x$fpl$fgeqf)
    __aeabi_cfcmple                          0x00002fe1   Thumb Code     0  flef.o(x$fpl$fleqf)
    _fcmple                                  0x00002fe1   Thumb Code    78  flef.o(x$fpl$fleqf)
    __aeabi_fmul                             0x00003035   Thumb Code     0  fmul.o(x$fpl$fmul)
    _fmul                                    0x00003035   Thumb Code   172  fmul.o(x$fpl$fmul)
    __aeabi_fsub                             0x000030e5   Thumb Code     0  faddsub.o(x$fpl$fsub)
    _fsub                                    0x000030e5   Thumb Code   204  faddsub.o(x$fpl$fsub)
    __I$use$fp                               0x000031b4   Number         0  usenofp.o(x$fpl$usenofp)
    Region$$Table$$Base                      0x00003268   Number         0  anon$$obj.o(Region$$Table)
    Region$$Table$$Limit                     0x00003288   Number         0  anon$$obj.o(Region$$Table)
    Kd_Yaw                                   0x20000000   Data           4  pid.o(.data.Kd_Yaw)
    Kp_Yaw                                   0x20000004   Data           4  pid.o(.data.Kp_Yaw)
    LKi                                      0x20000008   Data           4  pid.o(.data.LKi)
    LKp                                      0x2000000c   Data           4  pid.o(.data.LKp)
    LineL1                                   0x20000010   Data           4  empty.o(.data.LineL1)
    LineL2                                   0x20000014   Data           4  empty.o(.data.LineL2)
    LineR1                                   0x20000018   Data           4  empty.o(.data.LineR1)
    LineR2                                   0x2000001c   Data           4  empty.o(.data.LineR2)
    RKi                                      0x20000020   Data           4  pid.o(.data.RKi)
    RKp                                      0x20000024   Data           4  pid.o(.data.RKp)
    Speed_Set                                0x20000028   Data           4  empty.o(.data.Speed_Set)
    pin14                                    0x2000002c   Data           4  empty.o(.data.pin14)
    pin2                                     0x20000030   Data           4  empty.o(.data.pin2)
    pin21                                    0x20000034   Data           4  empty.o(.data.pin21)
    pin9                                     0x20000038   Data           4  empty.o(.data.pin9)
    title                                    0x2000003c   Data           4  empty.o(.data.title)
    __libspace_start                         0x20000040   Data          96  libspace.o(.bss)
    __temporary_stack_top$libspace           0x200000a0   Data           0  libspace.o(.bss)
    Distance                                 0x2000019c   Data           4  empty.o(.bss.Distance)
    Err_Yaw                                  0x200001a0   Data           4  pid.o(.bss.Err_Yaw)
    Errplus                                  0x200001a4   Data           4  pid.o(.bss.Errplus)
    Gyro_Now                                 0x200001a8   Data           4  serial.o(.bss.Gyro_Now)
    Ki_Yaw                                   0x200001ac   Data           4  pid.o(.bss.Ki_Yaw)
    LastErr_Yaw                              0x200001b0   Data           4  pid.o(.bss.LastErr_Yaw)
    Output_Yaw                               0x200001b4   Data           4  pid.o(.bss.Output_Yaw)
    SpeedL                                   0x200001b8   Data           4  empty.o(.bss.SpeedL)
    SpeedR                                   0x200001bc   Data           4  empty.o(.bss.SpeedR)
    Speed_Current                            0x200001c0   Data           4  empty.o(.bss.Speed_Current)
    Speed_Left                               0x200001c4   Data           4  empty.o(.bss.Speed_Left)
    Speed_Right                              0x200001c8   Data           4  empty.o(.bss.Speed_Right)
    Yaw_Need                                 0x200001cc   Data           4  empty.o(.bss.Yaw_Need)
    Yaw_Now                                  0x200001d0   Data           4  serial.o(.bss.Yaw_Now)
    Yaw_Now_Correct                          0x200001d4   Data           4  pid.o(.bss.Yaw_Now_Correct)
    adjust_mode                              0x200001d8   Data           4  empty.o(.bss.adjust_mode)
    begin                                    0x200001dc   Data           4  empty.o(.bss.begin)
    biasL                                    0x200001e0   Data           4  pid.o(.bss.biasL)
    biasR                                    0x200001e4   Data           4  pid.o(.bss.biasR)
    currentA                                 0x200001e8   Data           4  empty.o(.bss.currentA)
    currentA_                                0x200001ec   Data           4  empty.o(.bss.currentA_)
    currentB                                 0x200001f0   Data           4  empty.o(.bss.currentB)
    currentB_                                0x200001f4   Data           4  empty.o(.bss.currentB_)
    delta_line                               0x200001f8   Data           4  empty.o(.bss.delta_line)
    fiest_cnt                                0x200001fc   Data           4  bsp_tb6612.o(.bss.fiest_cnt)
    flag                                     0x20000200   Data           4  empty.o(.bss.flag)
    lastA                                    0x20000204   Data           4  empty.o(.bss.lastA)
    lastA_                                   0x20000208   Data           4  empty.o(.bss.lastA_)
    lastB                                    0x2000020c   Data           4  empty.o(.bss.lastB)
    lastB_                                   0x20000210   Data           4  empty.o(.bss.lastB_)
    last_biasL                               0x20000214   Data           4  pid.o(.bss.last_biasL)
    last_biasR                               0x20000218   Data           4  pid.o(.bss.last_biasR)
    led_cnt                                  0x2000021c   Data           4  empty.o(.bss.led_cnt)
    led_cnt_num                              0x20000220   Data           4  empty.o(.bss.led_cnt_num)
    led_flag                                 0x20000224   Data           4  empty.o(.bss.led_flag)
    line_direction                           0x20000228   Data           4  empty.o(.bss.line_direction)
    lost_cnt                                 0x2000022c   Data           4  empty.o(.bss.lost_cnt)
    num                                      0x20000230   Data           4  empty.o(.bss.num)
    openEncoder                              0x20000234   Data           4  empty.o(.bss.openEncoder)
    open_line                                0x20000238   Data           4  empty.o(.bss.open_line)
    open_yaw                                 0x2000023c   Data           4  empty.o(.bss.open_yaw)
    position                                 0x20000240   Data           4  empty.o(.bss.position)
    position_                                0x20000244   Data           4  empty.o(.bss.position_)
    pwmL                                     0x20000248   Data           4  pid.o(.bss.pwmL)
    pwmR                                     0x2000024c   Data           4  pid.o(.bss.pwmR)
    road                                     0x20000250   Data           4  empty.o(.bss.road)
    road_cnt                                 0x20000254   Data           4  bsp_tb6612.o(.bss.road_cnt)
    speed_lv_l                               0x20000258   Data          20  encoder.o(.bss.speed_lv_l)
    speed_lv_r                               0x2000026c   Data          20  encoder.o(.bss.speed_lv_r)
    startdetect                              0x20000280   Data           4  empty.o(.bss.startdetect)
    stcAcc                                   0x20000288   Data           8  serial.o(.bss.stcAcc)
    stcAngle                                 0x20000290   Data           8  serial.o(.bss.stcAngle)
    stcDStatus                               0x20000298   Data           8  serial.o(.bss.stcDStatus)
    stcGPSV                                  0x200002a0   Data           8  serial.o(.bss.stcGPSV)
    stcGyro                                  0x200002a8   Data           8  serial.o(.bss.stcGyro)
    stcLonLat                                0x200002b0   Data           8  serial.o(.bss.stcLonLat)
    stcMag                                   0x200002b8   Data           8  serial.o(.bss.stcMag)
    stcPress                                 0x200002c0   Data           8  serial.o(.bss.stcPress)
    stcQ                                     0x200002c8   Data           8  serial.o(.bss.stcQ)
    stcTime                                  0x200002d0   Data           8  serial.o(.bss.stcTime)
    task_cnt                                 0x200002d8   Data           4  empty.o(.bss.task_cnt)
    uart_data1                               0x200002dc   Data           1  empty.o(.bss.uart_data1)



==============================================================================

Memory Map of the image

  Image Entry point : 0x000000c1

  Load Region LR_IROM1 (Base: 0x00000000, Size: 0x000032c8, Max: 0x0000fff8, ABSOLUTE)

    Execution Region ER_IROM1 (Exec base: 0x00000000, Load base: 0x00000000, Size: 0x00003288, Max: 0x0000fff8, ABSOLUTE)

    Exec Addr    Load Addr    Size         Type   Attr      Idx    E Section Name        Object

    0x00000000   0x00000000   0x000000c0   Data   RO           88    RESET               startup_mspm0l130x_uvision.o
    0x000000c0   0x000000c0   0x00000008   Code   RO          731  * !!!main             c_p.l(__main.o)
    0x000000c8   0x000000c8   0x0000003c   Code   RO          987    !!!scatter          c_p.l(__scatter.o)
    0x00000104   0x00000104   0x00000004   PAD
    0x00000108   0x00000108   0x0000001a   Code   RO          989    !!handler_copy      c_p.l(__scatter_copy.o)
    0x00000122   0x00000122   0x00000006   PAD
    0x00000128   0x00000128   0x0000001c   Code   RO          991    !!handler_zi        c_p.l(__scatter_zi.o)
    0x00000144   0x00000144   0x00000002   Code   RO          840    .ARM.Collect$$libinit$$00000000  c_p.l(libinit.o)
    0x00000146   0x00000146   0x00000000   Code   RO          860    .ARM.Collect$$libinit$$00000002  c_p.l(libinit2.o)
    0x00000146   0x00000146   0x00000000   Code   RO          862    .ARM.Collect$$libinit$$00000004  c_p.l(libinit2.o)
    0x00000146   0x00000146   0x00000000   Code   RO          864    .ARM.Collect$$libinit$$00000006  c_p.l(libinit2.o)
    0x00000146   0x00000146   0x00000000   Code   RO          867    .ARM.Collect$$libinit$$0000000C  c_p.l(libinit2.o)
    0x00000146   0x00000146   0x00000000   Code   RO          869    .ARM.Collect$$libinit$$0000000E  c_p.l(libinit2.o)
    0x00000146   0x00000146   0x00000000   Code   RO          871    .ARM.Collect$$libinit$$00000010  c_p.l(libinit2.o)
    0x00000146   0x00000146   0x00000000   Code   RO          874    .ARM.Collect$$libinit$$00000013  c_p.l(libinit2.o)
    0x00000146   0x00000146   0x00000000   Code   RO          876    .ARM.Collect$$libinit$$00000015  c_p.l(libinit2.o)
    0x00000146   0x00000146   0x00000000   Code   RO          878    .ARM.Collect$$libinit$$00000017  c_p.l(libinit2.o)
    0x00000146   0x00000146   0x00000000   Code   RO          880    .ARM.Collect$$libinit$$00000019  c_p.l(libinit2.o)
    0x00000146   0x00000146   0x00000000   Code   RO          882    .ARM.Collect$$libinit$$0000001B  c_p.l(libinit2.o)
    0x00000146   0x00000146   0x00000000   Code   RO          884    .ARM.Collect$$libinit$$0000001D  c_p.l(libinit2.o)
    0x00000146   0x00000146   0x00000000   Code   RO          886    .ARM.Collect$$libinit$$0000001F  c_p.l(libinit2.o)
    0x00000146   0x00000146   0x00000000   Code   RO          888    .ARM.Collect$$libinit$$00000021  c_p.l(libinit2.o)
    0x00000146   0x00000146   0x00000000   Code   RO          890    .ARM.Collect$$libinit$$00000023  c_p.l(libinit2.o)
    0x00000146   0x00000146   0x00000000   Code   RO          892    .ARM.Collect$$libinit$$00000025  c_p.l(libinit2.o)
    0x00000146   0x00000146   0x00000000   Code   RO          894    .ARM.Collect$$libinit$$00000027  c_p.l(libinit2.o)
    0x00000146   0x00000146   0x00000000   Code   RO          898    .ARM.Collect$$libinit$$0000002E  c_p.l(libinit2.o)
    0x00000146   0x00000146   0x00000000   Code   RO          900    .ARM.Collect$$libinit$$00000030  c_p.l(libinit2.o)
    0x00000146   0x00000146   0x00000000   Code   RO          902    .ARM.Collect$$libinit$$00000032  c_p.l(libinit2.o)
    0x00000146   0x00000146   0x00000000   Code   RO          904    .ARM.Collect$$libinit$$00000034  c_p.l(libinit2.o)
    0x00000146   0x00000146   0x00000002   Code   RO          905    .ARM.Collect$$libinit$$00000035  c_p.l(libinit2.o)
    0x00000148   0x00000148   0x00000002   Code   RO          942    .ARM.Collect$$libshutdown$$00000000  c_p.l(libshutdown.o)
    0x0000014a   0x0000014a   0x00000000   Code   RO          970    .ARM.Collect$$libshutdown$$00000002  c_p.l(libshutdown2.o)
    0x0000014a   0x0000014a   0x00000000   Code   RO          972    .ARM.Collect$$libshutdown$$00000004  c_p.l(libshutdown2.o)
    0x0000014a   0x0000014a   0x00000000   Code   RO          975    .ARM.Collect$$libshutdown$$00000007  c_p.l(libshutdown2.o)
    0x0000014a   0x0000014a   0x00000000   Code   RO          978    .ARM.Collect$$libshutdown$$0000000A  c_p.l(libshutdown2.o)
    0x0000014a   0x0000014a   0x00000000   Code   RO          980    .ARM.Collect$$libshutdown$$0000000C  c_p.l(libshutdown2.o)
    0x0000014a   0x0000014a   0x00000000   Code   RO          983    .ARM.Collect$$libshutdown$$0000000F  c_p.l(libshutdown2.o)
    0x0000014a   0x0000014a   0x00000002   Code   RO          984    .ARM.Collect$$libshutdown$$00000010  c_p.l(libshutdown2.o)
    0x0000014c   0x0000014c   0x00000000   Code   RO          787    .ARM.Collect$$rtentry$$00000000  c_p.l(__rtentry.o)
    0x0000014c   0x0000014c   0x00000000   Code   RO          806    .ARM.Collect$$rtentry$$00000002  c_p.l(__rtentry2.o)
    0x0000014c   0x0000014c   0x00000006   Code   RO          818    .ARM.Collect$$rtentry$$00000004  c_p.l(__rtentry4.o)
    0x00000152   0x00000152   0x00000000   Code   RO          808    .ARM.Collect$$rtentry$$00000009  c_p.l(__rtentry2.o)
    0x00000152   0x00000152   0x00000004   Code   RO          809    .ARM.Collect$$rtentry$$0000000A  c_p.l(__rtentry2.o)
    0x00000156   0x00000156   0x00000000   Code   RO          811    .ARM.Collect$$rtentry$$0000000C  c_p.l(__rtentry2.o)
    0x00000156   0x00000156   0x00000008   Code   RO          812    .ARM.Collect$$rtentry$$0000000D  c_p.l(__rtentry2.o)
    0x0000015e   0x0000015e   0x00000002   Code   RO          851    .ARM.Collect$$rtexit$$00000000  c_p.l(rtexit.o)
    0x00000160   0x00000160   0x00000000   Code   RO          913    .ARM.Collect$$rtexit$$00000002  c_p.l(rtexit2.o)
    0x00000160   0x00000160   0x00000004   Code   RO          914    .ARM.Collect$$rtexit$$00000003  c_p.l(rtexit2.o)
    0x00000164   0x00000164   0x00000006   Code   RO          915    .ARM.Collect$$rtexit$$00000004  c_p.l(rtexit2.o)
    0x0000016a   0x0000016a   0x00000002   PAD
    0x0000016c   0x0000016c   0x0000002c   Code   RO           89    .text               startup_mspm0l130x_uvision.o
    0x00000198   0x00000198   0x00000006   Code   RO          729    .text               c_p.l(heapauxi.o)
    0x0000019e   0x0000019e   0x00000002   PAD
    0x000001a0   0x000001a0   0x0000007c   Code   RO          733    .text               fz_ps.l(d2f.o)
    0x0000021c   0x0000021c   0x00000358   Code   RO          735    .text               fz_ps.l(daddsub.o)
    0x00000574   0x00000574   0x00000448   Code   RO          749    .text               fz_ps.l(ddiv.o)
    0x000009bc   0x000009bc   0x0000006c   Code   RO          752    .text               fz_ps.l(dfixi.o)
    0x00000a28   0x00000a28   0x00000058   Code   RO          754    .text               fz_ps.l(dflti.o)
    0x00000a80   0x00000a80   0x00000248   Code   RO          756    .text               fz_ps.l(dmul.o)
    0x00000cc8   0x00000cc8   0x00000054   Code   RO          758    .text               fz_ps.l(f2d.o)
    0x00000d1c   0x00000d1c   0x0000004c   Code   RO          781    .text               fz_ps.l(ffixi.o)
    0x00000d68   0x00000d68   0x0000005e   Code   RO          783    .text               fz_ps.l(fflti.o)
    0x00000dc6   0x00000dc6   0x00000002   PAD
    0x00000dc8   0x00000dc8   0x000000a0   Code   RO          822    .text               fz_ps.l(dcmpin.o)
    0x00000e68   0x00000e68   0x00000064   Code   RO          824    .text               fz_ps.l(fcmpin.o)
    0x00000ecc   0x00000ecc   0x0000003e   Code   RO          826    .text               c_p.l(sys_stackheap_outer.o)
    0x00000f0a   0x00000f0a   0x00000010   Code   RO          829    .text               c_p.l(exit.o)
    0x00000f1a   0x00000f1a   0x0000002e   Code   RO          841    .text               fz_ps.l(cmpret.o)
    0x00000f48   0x00000f48   0x00000014   Code   RO          843    .text               fz_ps.l(dnan2.o)
    0x00000f5c   0x00000f5c   0x00000010   Code   RO          845    .text               fz_ps.l(fnan2.o)
    0x00000f6c   0x00000f6c   0x00000008   Code   RO          847    .text               c_p.l(libspace.o)
    0x00000f74   0x00000f74   0x0000005e   Code   RO          906    .text               fz_ps.l(retnan.o)
    0x00000fd2   0x00000fd2   0x00000002   PAD
    0x00000fd4   0x00000fd4   0x0000000c   Code   RO          908    .text               c_p.l(sys_exit.o)
    0x00000fe0   0x00000fe0   0x00000002   Code   RO          931    .text               c_p.l(use_no_semi.o)
    0x00000fe2   0x00000fe2   0x00000000   Code   RO          933    .text               c_p.l(indicate_semi.o)
    0x00000fe2   0x00000fe2   0x00000002   PAD
    0x00000fe4   0x00000fe4   0x0000008c   Code   RO          654    .text.CopeSerial2Data  serial.o
    0x00001070   0x00001070   0x0000000a   Code   RO          140    .text.DL_Common_delayCycles  dl_common.o
    0x0000107a   0x0000107a   0x00000002   PAD
    0x0000107c   0x0000107c   0x000000c0   Code   RO          463    .text.DL_Timer_initPWMMode  dl_timer.o
    0x0000113c   0x0000113c   0x000000e8   Code   RO          445    .text.DL_Timer_initTimerMode  dl_timer.o
    0x00001224   0x00001224   0x0000001c   Code   RO          477    .text.DL_Timer_setCaptCompUpdateMethod  dl_timer.o
    0x00001240   0x00001240   0x00000018   Code   RO          467    .text.DL_Timer_setCaptureCompareOutCtl  dl_timer.o
    0x00001258   0x00001258   0x00000010   Code   RO          447    .text.DL_Timer_setCaptureCompareValue  dl_timer.o
    0x00001268   0x00001268   0x0000001c   Code   RO          441    .text.DL_Timer_setClockConfig  dl_timer.o
    0x00001284   0x00001284   0x00000048   Code   RO          515    .text.DL_UART_init  dl_uart.o
    0x000012cc   0x000012cc   0x00000012   Code   RO          517    .text.DL_UART_setClockConfig  dl_uart.o
    0x000012de   0x000012de   0x00000002   PAD
    0x000012e0   0x000012e0   0x00000054   Code   RO           20    .text.GROUP1_IRQHandler  empty.o
    0x00001334   0x00001334   0x00000148   Code   RO          642    .text.Get_Speed     encoder.o
    0x0000147c   0x0000147c   0x00000054   Code   RO          656    .text.IMU_Get       serial.o
    0x000014d0   0x000014d0   0x00000038   Code   RO            6    .text.LED_ON        empty.o
    0x00001508   0x00001508   0x00000008   Code   RO            4    .text.LineWalking   empty.o
    0x00001510   0x00001510   0x00000844   Code   RO          577    .text.Motor_Control  bsp_tb6612.o
    0x00001d54   0x00001d54   0x00000070   Code   RO          573    .text.Motor_straight  bsp_tb6612.o
    0x00001dc4   0x00001dc4   0x00000100   Code   RO          610    .text.Pid_Yaw       pid.o
    0x00001ec4   0x00001ec4   0x000000b0   Code   RO          100    .text.SYSCFG_DL_GPIO_init  ti_msp_dl_config.o
    0x00001f74   0x00001f74   0x00000080   Code   RO          104    .text.SYSCFG_DL_PWM_CAR_init  ti_msp_dl_config.o
    0x00001ff4   0x00001ff4   0x00000038   Code   RO          102    .text.SYSCFG_DL_SYSCTL_init  ti_msp_dl_config.o
    0x0000202c   0x0000202c   0x00000030   Code   RO          110    .text.SYSCFG_DL_SYSTICK_init  ti_msp_dl_config.o
    0x0000205c   0x0000205c   0x0000004c   Code   RO          106    .text.SYSCFG_DL_TIMER_0_init  ti_msp_dl_config.o
    0x000020a8   0x000020a8   0x0000007c   Code   RO          108    .text.SYSCFG_DL_UART_1_init  ti_msp_dl_config.o
    0x00002124   0x00002124   0x00000020   Code   RO           96    .text.SYSCFG_DL_init  ti_msp_dl_config.o
    0x00002144   0x00002144   0x00000040   Code   RO           98    .text.SYSCFG_DL_initPower  ti_msp_dl_config.o
    0x00002184   0x00002184   0x000007e4   Code   RO           24    .text.TIMG0_IRQHandler  empty.o
    0x00002968   0x00002968   0x00000028   Code   RO           22    .text.UART0_IRQHandler  empty.o
    0x00002990   0x00002990   0x0000000c   Code   RO            2    .text.clearEncoder  empty.o
    0x0000299c   0x0000299c   0x00000078   Code   RO          608    .text.incremental_pidL  pid.o
    0x00002a14   0x00002a14   0x00000080   Code   RO          606    .text.incremental_pidR  pid.o
    0x00002a94   0x00002a94   0x00000040   Code   RO           12    .text.main          empty.o
    0x00002ad4   0x00002ad4   0x000000dc   Code   RO          640    .text.readEncoder   encoder.o
    0x00002bb0   0x00002bb0   0x00000084   Code   RO          712    .text.readGuangStatus  guang.o
    0x00002c34   0x00002c34   0x000001f6   Code   RO          722    .text_divfast       c_p.l(aeabi_sdivfast.o)
    0x00002e2a   0x00002e2a   0x00000016   Code   RO          738    i._dgeq             fz_ps.l(dcmp.o)
    0x00002e40   0x00002e40   0x00000016   Code   RO          739    i._dgr              fz_ps.l(dcmp.o)
    0x00002e56   0x00002e56   0x00000016   Code   RO          767    i._fgeq             fz_ps.l(fcmp.o)
    0x00002e6c   0x00002e6c   0x00000016   Code   RO          768    i._fgr              fz_ps.l(fcmp.o)
    0x00002e82   0x00002e82   0x0000001a   Code   RO          769    i._fleq             fz_ps.l(fcmp.o)
    0x00002e9c   0x00002e9c   0x00000064   Code   RO          794    x$fpl$dgeqf         fz_ps.l(dgef.o)
    0x00002f00   0x00002f00   0x0000008c   Code   RO          760    x$fpl$fadd          fz_ps.l(faddsub.o)
    0x00002f8c   0x00002f8c   0x00000054   Code   RO          800    x$fpl$fgeqf         fz_ps.l(fgef.o)
    0x00002fe0   0x00002fe0   0x00000054   Code   RO          802    x$fpl$fleqf         fz_ps.l(flef.o)
    0x00003034   0x00003034   0x000000b0   Code   RO          785    x$fpl$fmul          fz_ps.l(fmul.o)
    0x000030e4   0x000030e4   0x000000d0   Code   RO          762    x$fpl$fsub          fz_ps.l(faddsub.o)
    0x000031b4   0x000031b4   0x00000000   Code   RO          804    x$fpl$usenofp       fz_ps.l(usenofp.o)
    0x000031b4   0x000031b4   0x00000080   Data   RO          750    .constdata          fz_ps.l(ddiv.o)
    0x00003234   0x00003234   0x00000003   Data   RO          112    .rodata.gPWM_CARClockConfig  ti_msp_dl_config.o
    0x00003237   0x00003237   0x00000001   PAD
    0x00003238   0x00003238   0x00000008   Data   RO          113    .rodata.gPWM_CARConfig  ti_msp_dl_config.o
    0x00003240   0x00003240   0x00000003   Data   RO          114    .rodata.gTIMER_0ClockConfig  ti_msp_dl_config.o
    0x00003243   0x00003243   0x00000001   PAD
    0x00003244   0x00003244   0x00000014   Data   RO          115    .rodata.gTIMER_0TimerConfig  ti_msp_dl_config.o
    0x00003258   0x00003258   0x00000002   Data   RO          116    .rodata.gUART_1ClockConfig  ti_msp_dl_config.o
    0x0000325a   0x0000325a   0x0000000a   Data   RO          117    .rodata.gUART_1Config  ti_msp_dl_config.o
    0x00003264   0x00003264   0x00000004   PAD
    0x00003268   0x00003268   0x00000020   Data   RO          986    Region$$Table       anon$$obj.o


    Execution Region RW_IRAM2 (Exec base: 0x20000000, Load base: 0x00003288, Size: 0x000003e0, Max: 0x00001000, ABSOLUTE)

    Exec Addr    Load Addr    Size         Type   Attr      Idx    E Section Name        Object

    0x20000000   0x00003288   0x00000004   Data   RW          613    .data.Kd_Yaw        pid.o
    0x20000004   0x0000328c   0x00000004   Data   RW          612    .data.Kp_Yaw        pid.o
    0x20000008   0x00003290   0x00000004   Data   RW          621    .data.LKi           pid.o
    0x2000000c   0x00003294   0x00000004   Data   RW          622    .data.LKp           pid.o
    0x20000010   0x00003298   0x00000004   Data   RW           45    .data.LineL1        empty.o
    0x20000014   0x0000329c   0x00000004   Data   RW           46    .data.LineL2        empty.o
    0x20000018   0x000032a0   0x00000004   Data   RW           47    .data.LineR1        empty.o
    0x2000001c   0x000032a4   0x00000004   Data   RW           48    .data.LineR2        empty.o
    0x20000020   0x000032a8   0x00000004   Data   RW          619    .data.RKi           pid.o
    0x20000024   0x000032ac   0x00000004   Data   RW          620    .data.RKp           pid.o
    0x20000028   0x000032b0   0x00000004   Data   RW           28    .data.Speed_Set     empty.o
    0x2000002c   0x000032b4   0x00000004   Data   RW           52    .data.pin14         empty.o
    0x20000030   0x000032b8   0x00000004   Data   RW           49    .data.pin2          empty.o
    0x20000034   0x000032bc   0x00000004   Data   RW           51    .data.pin21         empty.o
    0x20000038   0x000032c0   0x00000004   Data   RW           50    .data.pin9          empty.o
    0x2000003c   0x000032c4   0x00000004   Data   RW           58    .data.title         empty.o
    0x20000040        -       0x00000060   Zero   RW          848    .bss                c_p.l(libspace.o)
    0x200000a0        -       0x000000fa   Zero   RW          658    .bss.CopeSerial2Data.ucRxBuffer  serial.o
    0x2000019a        -       0x00000001   Zero   RW          659    .bss.CopeSerial2Data.ucRxCnt  serial.o
    0x2000019b   0x000032c8   0x00000001   PAD
    0x2000019c        -       0x00000004   Zero   RW           29    .bss.Distance       empty.o
    0x200001a0        -       0x00000004   Zero   RW          616    .bss.Err_Yaw        pid.o
    0x200001a4        -       0x00000004   Zero   RW          615    .bss.Errplus        pid.o
    0x200001a8        -       0x00000004   Zero   RW          671    .bss.Gyro_Now       serial.o
    0x200001ac        -       0x00000004   Zero   RW          614    .bss.Ki_Yaw         pid.o
    0x200001b0        -       0x00000004   Zero   RW          617    .bss.LastErr_Yaw    pid.o
    0x200001b4        -       0x00000004   Zero   RW          618    .bss.Output_Yaw     pid.o
    0x200001b8        -       0x00000004   Zero   RW           70    .bss.SpeedL         empty.o
    0x200001bc        -       0x00000004   Zero   RW           69    .bss.SpeedR         empty.o
    0x200001c0        -       0x00000004   Zero   RW           67    .bss.Speed_Current  empty.o
    0x200001c4        -       0x00000004   Zero   RW           71    .bss.Speed_Left     empty.o
    0x200001c8        -       0x00000004   Zero   RW           72    .bss.Speed_Right    empty.o
    0x200001cc        -       0x00000004   Zero   RW           68    .bss.Yaw_Need       empty.o
    0x200001d0        -       0x00000004   Zero   RW          670    .bss.Yaw_Now        serial.o
    0x200001d4        -       0x00000004   Zero   RW          629    .bss.Yaw_Now_Correct  pid.o
    0x200001d8        -       0x00000004   Zero   RW           61    .bss.adjust_mode    empty.o
    0x200001dc        -       0x00000004   Zero   RW           60    .bss.begin          empty.o
    0x200001e0        -       0x00000004   Zero   RW          626    .bss.biasL          pid.o
    0x200001e4        -       0x00000004   Zero   RW          623    .bss.biasR          pid.o
    0x200001e8        -       0x00000004   Zero   RW           73    .bss.currentA       empty.o
    0x200001ec        -       0x00000004   Zero   RW           75    .bss.currentA_      empty.o
    0x200001f0        -       0x00000004   Zero   RW           74    .bss.currentB       empty.o
    0x200001f4        -       0x00000004   Zero   RW           76    .bss.currentB_      empty.o
    0x200001f8        -       0x00000004   Zero   RW           44    .bss.delta_line     empty.o
    0x200001fc        -       0x00000004   Zero   RW          584    .bss.fiest_cnt      bsp_tb6612.o
    0x20000200        -       0x00000004   Zero   RW           57    .bss.flag           empty.o
    0x20000204        -       0x00000004   Zero   RW           33    .bss.lastA          empty.o
    0x20000208        -       0x00000004   Zero   RW           36    .bss.lastA_         empty.o
    0x2000020c        -       0x00000004   Zero   RW           34    .bss.lastB          empty.o
    0x20000210        -       0x00000004   Zero   RW           37    .bss.lastB_         empty.o
    0x20000214        -       0x00000004   Zero   RW          627    .bss.last_biasL     pid.o
    0x20000218        -       0x00000004   Zero   RW          624    .bss.last_biasR     pid.o
    0x2000021c        -       0x00000004   Zero   RW           53    .bss.led_cnt        empty.o
    0x20000220        -       0x00000004   Zero   RW           55    .bss.led_cnt_num    empty.o
    0x20000224        -       0x00000004   Zero   RW           54    .bss.led_flag       empty.o
    0x20000228        -       0x00000004   Zero   RW           42    .bss.line_direction  empty.o
    0x2000022c        -       0x00000004   Zero   RW           62    .bss.lost_cnt       empty.o
    0x20000230        -       0x00000004   Zero   RW           64    .bss.num            empty.o
    0x20000234        -       0x00000004   Zero   RW           32    .bss.openEncoder    empty.o
    0x20000238        -       0x00000004   Zero   RW           40    .bss.open_line      empty.o
    0x2000023c        -       0x00000004   Zero   RW           39    .bss.open_yaw       empty.o
    0x20000240        -       0x00000004   Zero   RW           35    .bss.position       empty.o
    0x20000244        -       0x00000004   Zero   RW           38    .bss.position_      empty.o
    0x20000248        -       0x00000004   Zero   RW          628    .bss.pwmL           pid.o
    0x2000024c        -       0x00000004   Zero   RW          625    .bss.pwmR           pid.o
    0x20000250        -       0x00000004   Zero   RW           59    .bss.road           empty.o
    0x20000254        -       0x00000004   Zero   RW          580    .bss.road_cnt       bsp_tb6612.o
    0x20000258        -       0x00000014   Zero   RW          645    .bss.speed_lv_l     encoder.o
    0x2000026c        -       0x00000014   Zero   RW          644    .bss.speed_lv_r     encoder.o
    0x20000280        -       0x00000004   Zero   RW           65    .bss.startdetect    empty.o
    0x20000284   0x000032c8   0x00000004   PAD
    0x20000288        -       0x00000008   Zero   RW          661    .bss.stcAcc         serial.o
    0x20000290        -       0x00000008   Zero   RW          663    .bss.stcAngle       serial.o
    0x20000298        -       0x00000008   Zero   RW          665    .bss.stcDStatus     serial.o
    0x200002a0        -       0x00000008   Zero   RW          668    .bss.stcGPSV        serial.o
    0x200002a8        -       0x00000008   Zero   RW          662    .bss.stcGyro        serial.o
    0x200002b0        -       0x00000008   Zero   RW          667    .bss.stcLonLat      serial.o
    0x200002b8        -       0x00000008   Zero   RW          664    .bss.stcMag         serial.o
    0x200002c0        -       0x00000008   Zero   RW          666    .bss.stcPress       serial.o
    0x200002c8        -       0x00000008   Zero   RW          669    .bss.stcQ           serial.o
    0x200002d0        -       0x00000008   Zero   RW          660    .bss.stcTime        serial.o
    0x200002d8        -       0x00000004   Zero   RW           56    .bss.task_cnt       empty.o
    0x200002dc        -       0x00000001   Zero   RW           27    .bss.uart_data1     empty.o
    0x200002dd   0x000032c8   0x00000003   PAD
    0x200002e0        -       0x00000000   Zero   RW           87    HEAP                startup_mspm0l130x_uvision.o
    0x200002e0        -       0x00000100   Zero   RW           86    STACK               startup_mspm0l130x_uvision.o



  Load Region LR_BCR (Base: 0x41c00000, Size: 0x00000000, Max: 0x00000100, ABSOLUTE)

    Execution Region BCR_CONFIG (Exec base: 0x41c00000, Load base: 0x41c00000, Size: 0x00000000, Max: 0x00000080, ABSOLUTE)

    **** No section assigned to this execution region ****



  Load Region LR_BSL (Base: 0x41c00100, Size: 0x00000000, Max: 0x00000100, ABSOLUTE)

    Execution Region BSL_CONFIG (Exec base: 0x41c00100, Load base: 0x41c00100, Size: 0x00000000, Max: 0x00000080, ABSOLUTE)

    **** No section assigned to this execution region ****


==============================================================================

Image component sizes


      Code (inc. data)   RO Data    RW Data    ZI Data      Debug   Object Name

      2228        300          0          0          8       9915   bsp_tb6612.o
        10          0          0          0          0        587   dl_common.o
       520        188          0          0          0      27186   dl_timer.o
        90          8          0          0          0      14270   dl_uart.o
      2284        352          0         40        133      16376   empty.o
       548         68          0          0         40       4750   encoder.o
       132         36          0          0          0       3761   guang.o
       504        108          0         24         48       1585   pid.o
       224         72          0          0        339       1860   serial.o
        44         18        192          0        256        668   startup_mspm0l130x_uvision.o
       704        156         46          0          0      23716   ti_msp_dl_config.o

    ----------------------------------------------------------------------
      7292       1306        276         64        832     104674   Object Totals
         0          0         32          0          0          0   (incl. Generated)
         4          0          6          0          8          0   (incl. Padding)

    ----------------------------------------------------------------------

      Code (inc. data)   RO Data    RW Data    ZI Data      Debug   Library Member Name

         8          0          0          0          0         68   __main.o
         0          0          0          0          0          0   __rtentry.o
        12          0          0          0          0          0   __rtentry2.o
         6          0          0          0          0          0   __rtentry4.o
        60          8          0          0          0          0   __scatter.o
        26          0          0          0          0          0   __scatter_copy.o
        28          0          0          0          0          0   __scatter_zi.o
       502          0          0          0          0         92   aeabi_sdivfast.o
        16          0          0          0          0         68   exit.o
         6          0          0          0          0        136   heapauxi.o
         0          0          0          0          0          0   indicate_semi.o
         2          0          0          0          0          0   libinit.o
         2          0          0          0          0          0   libinit2.o
         2          0          0          0          0          0   libshutdown.o
         2          0          0          0          0          0   libshutdown2.o
         8          4          0          0         96         68   libspace.o
         2          0          0          0          0          0   rtexit.o
        10          0          0          0          0          0   rtexit2.o
        12          4          0          0          0         60   sys_exit.o
        62          0          0          0          0         80   sys_stackheap_outer.o
         2          0          0          0          0         68   use_no_semi.o
        46          0          0          0          0         60   cmpret.o
       124          4          0          0          0         72   d2f.o
       856         20          0          0          0        208   daddsub.o
        44          0          0          0          0        136   dcmp.o
       160          6          0          0          0         76   dcmpin.o
      1096         26        128          0          0        112   ddiv.o
       108         10          0          0          0         72   dfixi.o
        88          0          0          0          0         92   dflti.o
       100          4          0          0          0         92   dgef.o
       584         26          0          0          0         84   dmul.o
        20          6          0          0          0         68   dnan2.o
        84          4          0          0          0         60   f2d.o
       348          8          0          0          0        160   faddsub.o
        70          0          0          0          0        204   fcmp.o
       100          4          0          0          0         68   fcmpin.o
        76          0          0          0          0         68   ffixi.o
        94          0          0          0          0         92   fflti.o
        84          4          0          0          0         76   fgef.o
        84          4          0          0          0         76   flef.o
       176          4          0          0          0         80   fmul.o
        16          6          0          0          0         68   fnan2.o
        94          0          0          0          0         68   retnan.o
         0          0          0          0          0          0   usenofp.o

    ----------------------------------------------------------------------
      5240        156        128          0         96       2732   Library Totals
        20          4          0          0          0          0   (incl. Padding)

    ----------------------------------------------------------------------

      Code (inc. data)   RO Data    RW Data    ZI Data      Debug   Library Name

       768         16          0          0         96        640   c_p.l
      4452        136        128          0          0       2092   fz_ps.l

    ----------------------------------------------------------------------
      5240        156        128          0         96       2732   Library Totals

    ----------------------------------------------------------------------

==============================================================================


      Code (inc. data)   RO Data    RW Data    ZI Data      Debug   

     12532       1462        404         64        928     105890   Grand Totals
     12532       1462        404         64        928     105890   ELF Image Totals
     12532       1462        404         64          0          0   ROM Totals

==============================================================================

    Total RO  Size (Code + RO Data)                12936 (  12.63kB)
    Total RW  Size (RW Data + ZI Data)               992 (   0.97kB)
    Total ROM Size (Code + RO Data + RW Data)      13000 (  12.70kB)

==============================================================================

